Archive member included to satisfy reference by file (symbol)

/home/odemki/Programs/programs/STM32IDE/1/en.en-st-stm32cubeide_1-5-0_8698_20201117_1050_amd64_sh/makeself_dir_5QpOGP/y/plugins/com.st.stm32cube.ide.mcu.externaltools.gnu-tools-for-stm32.9-2020-q2-update.linux64_2.0.0.202105311346/tools/bin/../lib/gcc/arm-none-eabi/9.3.1/../../../../arm-none-eabi/lib/thumb/v7e-m+fp/hard/libc_nano.a(lib_a-errno.o)
                              ./Core/Src/syscalls.o (__errno)
/home/odemki/Programs/programs/STM32IDE/1/en.en-st-stm32cubeide_1-5-0_8698_20201117_1050_amd64_sh/makeself_dir_5QpOGP/y/plugins/com.st.stm32cube.ide.mcu.externaltools.gnu-tools-for-stm32.9-2020-q2-update.linux64_2.0.0.202105311346/tools/bin/../lib/gcc/arm-none-eabi/9.3.1/../../../../arm-none-eabi/lib/thumb/v7e-m+fp/hard/libc_nano.a(lib_a-exit.o)
                              /home/odemki/Programs/programs/STM32IDE/1/en.en-st-stm32cubeide_1-5-0_8698_20201117_1050_amd64_sh/makeself_dir_5QpOGP/y/plugins/com.st.stm32cube.ide.mcu.externaltools.gnu-tools-for-stm32.9-2020-q2-update.linux64_2.0.0.202105311346/tools/bin/../lib/gcc/arm-none-eabi/9.3.1/../../../../arm-none-eabi/lib/thumb/v7e-m+fp/hard/crt0.o (exit)
/home/odemki/Programs/programs/STM32IDE/1/en.en-st-stm32cubeide_1-5-0_8698_20201117_1050_amd64_sh/makeself_dir_5QpOGP/y/plugins/com.st.stm32cube.ide.mcu.externaltools.gnu-tools-for-stm32.9-2020-q2-update.linux64_2.0.0.202105311346/tools/bin/../lib/gcc/arm-none-eabi/9.3.1/../../../../arm-none-eabi/lib/thumb/v7e-m+fp/hard/libc_nano.a(lib_a-impure.o)
                              /home/odemki/Programs/programs/STM32IDE/1/en.en-st-stm32cubeide_1-5-0_8698_20201117_1050_amd64_sh/makeself_dir_5QpOGP/y/plugins/com.st.stm32cube.ide.mcu.externaltools.gnu-tools-for-stm32.9-2020-q2-update.linux64_2.0.0.202105311346/tools/bin/../lib/gcc/arm-none-eabi/9.3.1/../../../../arm-none-eabi/lib/thumb/v7e-m+fp/hard/libc_nano.a(lib_a-exit.o) (_global_impure_ptr)
/home/odemki/Programs/programs/STM32IDE/1/en.en-st-stm32cubeide_1-5-0_8698_20201117_1050_amd64_sh/makeself_dir_5QpOGP/y/plugins/com.st.stm32cube.ide.mcu.externaltools.gnu-tools-for-stm32.9-2020-q2-update.linux64_2.0.0.202105311346/tools/bin/../lib/gcc/arm-none-eabi/9.3.1/../../../../arm-none-eabi/lib/thumb/v7e-m+fp/hard/libc_nano.a(lib_a-init.o)
                              /home/odemki/Programs/programs/STM32IDE/1/en.en-st-stm32cubeide_1-5-0_8698_20201117_1050_amd64_sh/makeself_dir_5QpOGP/y/plugins/com.st.stm32cube.ide.mcu.externaltools.gnu-tools-for-stm32.9-2020-q2-update.linux64_2.0.0.202105311346/tools/bin/../lib/gcc/arm-none-eabi/9.3.1/../../../../arm-none-eabi/lib/thumb/v7e-m+fp/hard/crt0.o (__libc_init_array)
/home/odemki/Programs/programs/STM32IDE/1/en.en-st-stm32cubeide_1-5-0_8698_20201117_1050_amd64_sh/makeself_dir_5QpOGP/y/plugins/com.st.stm32cube.ide.mcu.externaltools.gnu-tools-for-stm32.9-2020-q2-update.linux64_2.0.0.202105311346/tools/bin/../lib/gcc/arm-none-eabi/9.3.1/../../../../arm-none-eabi/lib/thumb/v7e-m+fp/hard/libc_nano.a(lib_a-memset.o)
                              /home/odemki/Programs/programs/STM32IDE/1/en.en-st-stm32cubeide_1-5-0_8698_20201117_1050_amd64_sh/makeself_dir_5QpOGP/y/plugins/com.st.stm32cube.ide.mcu.externaltools.gnu-tools-for-stm32.9-2020-q2-update.linux64_2.0.0.202105311346/tools/bin/../lib/gcc/arm-none-eabi/9.3.1/../../../../arm-none-eabi/lib/thumb/v7e-m+fp/hard/crt0.o (memset)
/home/odemki/Programs/programs/STM32IDE/1/en.en-st-stm32cubeide_1-5-0_8698_20201117_1050_amd64_sh/makeself_dir_5QpOGP/y/plugins/com.st.stm32cube.ide.mcu.externaltools.gnu-tools-for-stm32.9-2020-q2-update.linux64_2.0.0.202105311346/tools/bin/../lib/gcc/arm-none-eabi/9.3.1/../../../../arm-none-eabi/lib/thumb/v7e-m+fp/hard/libc_nano.a(lib_a-sprintf.o)
                              ./Core/Src/main.o (sprintf)
/home/odemki/Programs/programs/STM32IDE/1/en.en-st-stm32cubeide_1-5-0_8698_20201117_1050_amd64_sh/makeself_dir_5QpOGP/y/plugins/com.st.stm32cube.ide.mcu.externaltools.gnu-tools-for-stm32.9-2020-q2-update.linux64_2.0.0.202105311346/tools/bin/../lib/gcc/arm-none-eabi/9.3.1/../../../../arm-none-eabi/lib/thumb/v7e-m+fp/hard/libc_nano.a(lib_a-strcpy.o)
                              ./Core/Src/main.o (strcpy)
/home/odemki/Programs/programs/STM32IDE/1/en.en-st-stm32cubeide_1-5-0_8698_20201117_1050_amd64_sh/makeself_dir_5QpOGP/y/plugins/com.st.stm32cube.ide.mcu.externaltools.gnu-tools-for-stm32.9-2020-q2-update.linux64_2.0.0.202105311346/tools/bin/../lib/gcc/arm-none-eabi/9.3.1/../../../../arm-none-eabi/lib/thumb/v7e-m+fp/hard/libc_nano.a(lib_a-nano-svfprintf.o)
                              /home/odemki/Programs/programs/STM32IDE/1/en.en-st-stm32cubeide_1-5-0_8698_20201117_1050_amd64_sh/makeself_dir_5QpOGP/y/plugins/com.st.stm32cube.ide.mcu.externaltools.gnu-tools-for-stm32.9-2020-q2-update.linux64_2.0.0.202105311346/tools/bin/../lib/gcc/arm-none-eabi/9.3.1/../../../../arm-none-eabi/lib/thumb/v7e-m+fp/hard/libc_nano.a(lib_a-sprintf.o) (_svfprintf_r)
[...]
Memory Configuration

Name             Origin             Length             Attributes
CCMRAM           0x0000000010000000 0x0000000000010000 xrw
RAM              0x0000000020000000 0x0000000000020000 xrw
FLASH            0x0000000008000000 0x0000000000100000 xr
*default*        0x0000000000000000 0xffffffffffffffff

Linker script and memory map

LOAD /home/odemki/Programs/programs/STM32IDE/1/en.en-st-stm32cubeide_1-5-0_8698_20201117_1050_amd64_sh/makeself_dir_5QpOGP/y/plugins/com.st.stm32cube.ide.mcu.externaltools.gnu-tools-for-stm32.9-2020-q2-update.linux64_2.0.0.202105311346/tools/bin/../lib/gcc/arm-none-eabi/9.3.1/thumb/v7e-m+fp/hard/crti.o
LOAD /home/odemki/Programs/programs/STM32IDE/1/en.en-st-stm32cubeide_1-5-0_8698_20201117_1050_amd64_sh/makeself_dir_5QpOGP/y/plugins/com.st.stm32cube.ide.mcu.externaltools.gnu-tools-for-stm32.9-2020-q2-update.linux64_2.0.0.202105311346/tools/bin/../lib/gcc/arm-none-eabi/9.3.1/thumb/v7e-m+fp/hard/crtbegin.o
LOAD /home/odemki/Programs/programs/STM32IDE/1/en.en-st-stm32cubeide_1-5-0_8698_20201117_1050_amd64_sh/makeself_dir_5QpOGP/y/plugins/com.st.stm32cube.ide.mcu.externaltools.gnu-tools-for-stm32.9-2020-q2-update.linux64_2.0.0.202105311346/tools/bin/../lib/gcc/arm-none-eabi/9.3.1/../../../../arm-none-eabi/lib/thumb/v7e-m+fp/hard/crt0.o
LOAD ./Core/Src/main.o
LOAD ./Core/Src/sd.o
LOAD ./Core/Src/stm32f4xx_hal_msp.o
LOAD ./Core/Src/stm32f4xx_it.o
LOAD ./Core/Src/syscalls.o
LOAD ./Core/Src/sysmem.o
LOAD ./Core/Src/system_stm32f4xx.o
LOAD ./Core/Startup/startup_stm32f407vgtx.o
LOAD ./Drivers/STM32F4xx_HAL_Driver/Src/stm32f4xx_hal.o
LOAD ./Drivers/STM32F4xx_HAL_Driver/Src/stm32f4xx_hal_cortex.o
LOAD ./Drivers/STM32F4xx_HAL_Driver/Src/stm32f4xx_hal_dma.o
LOAD ./Drivers/STM32F4xx_HAL_Driver/Src/stm32f4xx_hal_dma_ex.o
LOAD ./Drivers/STM32F4xx_HAL_Driver/Src/stm32f4xx_hal_exti.o
LOAD ./Drivers/STM32F4xx_HAL_Driver/Src/stm32f4xx_hal_flash.o
LOAD ./Drivers/STM32F4xx_HAL_Driver/Src/stm32f4xx_hal_flash_ex.o
LOAD ./Drivers/STM32F4xx_HAL_Driver/Src/stm32f4xx_hal_flash_ramfunc.o
LOAD ./Drivers/STM32F4xx_HAL_Driver/Src/stm32f4xx_hal_gpio.o
LOAD ./Drivers/STM32F4xx_HAL_Driver/Src/stm32f4xx_hal_i2c.o
LOAD ./Drivers/STM32F4xx_HAL_Driver/Src/stm32f4xx_hal_i2c_ex.o
LOAD ./Drivers/STM32F4xx_HAL_Driver/Src/stm32f4xx_hal_pcd.o
LOAD ./Drivers/STM32F4xx_HAL_Driver/Src/stm32f4xx_hal_pcd_ex.o
LOAD ./Drivers/STM32F4xx_HAL_Driver/Src/stm32f4xx_hal_pwr.o
LOAD ./Drivers/STM32F4xx_HAL_Driver/Src/stm32f4xx_hal_pwr_ex.o
LOAD ./Drivers/STM32F4xx_HAL_Driver/Src/stm32f4xx_hal_rcc.o
LOAD ./Drivers/STM32F4xx_HAL_Driver/Src/stm32f4xx_hal_rcc_ex.o
LOAD ./Drivers/STM32F4xx_HAL_Driver/Src/stm32f4xx_hal_spi.o
LOAD ./Drivers/STM32F4xx_HAL_Driver/Src/stm32f4xx_hal_tim.o
LOAD ./Drivers/STM32F4xx_HAL_Driver/Src/stm32f4xx_hal_tim_ex.o
LOAD ./Drivers/STM32F4xx_HAL_Driver/Src/stm32f4xx_ll_usb.o
LOAD ./FATFS/App/fatfs.o
LOAD ./FATFS/Target/user_diskio.o
LOAD ./Middlewares/ST/STM32_USB_Device_Library/Class/CDC/Src/usbd_cdc.o
LOAD ./Middlewares/ST/STM32_USB_Device_Library/Core/Src/usbd_core.o
LOAD ./Middlewares/ST/STM32_USB_Device_Library/Core/Src/usbd_ctlreq.o
LOAD ./Middlewares/ST/STM32_USB_Device_Library/Core/Src/usbd_ioreq.o
LOAD ./Middlewares/Third_Party/FatFs/src/diskio.o
LOAD ./Middlewares/Third_Party/FatFs/src/ff.o
LOAD ./Middlewares/Third_Party/FatFs/src/ff_gen_drv.o
LOAD ./Middlewares/Third_Party/FatFs/src/option/ccsbcs.o
LOAD ./Middlewares/Third_Party/FatFs/src/option/syscall.o
LOAD ./USB_DEVICE/App/usb_device.o
LOAD ./USB_DEVICE/App/usbd_cdc_if.o
LOAD ./USB_DEVICE/App/usbd_desc.o
LOAD ./USB_DEVICE/Target/usbd_conf.o
START GROUP
LOAD /home/odemki/Programs/programs/STM32IDE/1/en.en-st-stm32cubeide_1-5-0_8698_20201117_1050_amd64_sh/makeself_dir_5QpOGP/y/plugins/com.st.stm32cube.ide.mcu.externaltools.gnu-tools-for-stm32.9-2020-q2-update.linux64_2.0.0.202105311346/tools/bin/../lib/gcc/arm-none-eabi/9.3.1/../../../../arm-none-eabi/lib/thumb/v7e-m+fp/hard/libc_nano.a
LOAD /home/odemki/Programs/programs/STM32IDE/1/en.en-st-stm32cubeide_1-5-0_8698_20201117_1050_amd64_sh/makeself_dir_5QpOGP/y/plugins/com.st.stm32cube.ide.mcu.externaltools.gnu-tools-for-stm32.9-2020-q2-update.linux64_2.0.0.202105311346/tools/bin/../lib/gcc/arm-none-eabi/9.3.1/../../../../arm-none-eabi/lib/thumb/v7e-m+fp/hard/libm.a
END GROUP
START GROUP
LOAD /home/odemki/Programs/programs/STM32IDE/1/en.en-st-stm32cubeide_1-5-0_8698_20201117_1050_amd64_sh/makeself_dir_5QpOGP/y/plugins/com.st.stm32cube.ide.mcu.externaltools.gnu-tools-for-stm32.9-2020-q2-update.linux64_2.0.0.202105311346/tools/bin/../lib/gcc/arm-none-eabi/9.3.1/thumb/v7e-m+fp/hard/libgcc.a
LOAD /home/odemki/Programs/programs/STM32IDE/1/en.en-st-stm32cubeide_1-5-0_8698_20201117_1050_amd64_sh/makeself_dir_5QpOGP/y/plugins/com.st.stm32cube.ide.mcu.externaltools.gnu-tools-for-stm32.9-2020-q2-update.linux64_2.0.0.202105311346/tools/bin/../lib/gcc/arm-none-eabi/9.3.1/../../../../arm-none-eabi/lib/thumb/v7e-m+fp/hard/libc_nano.a
END GROUP
START GROUP
LOAD /home/odemki/Programs/programs/STM32IDE/1/en.en-st-stm32cubeide_1-5-0_8698_20201117_1050_amd64_sh/makeself_dir_5QpOGP/y/plugins/com.st.stm32cube.ide.mcu.externaltools.gnu-tools-for-stm32.9-2020-q2-update.linux64_2.0.0.202105311346/tools/bin/../lib/gcc/arm-none-eabi/9.3.1/thumb/v7e-m+fp/hard/libgcc.a
LOAD /home/odemki/Programs/programs/STM32IDE/1/en.en-st-stm32cubeide_1-5-0_8698_20201117_1050_amd64_sh/makeself_dir_5QpOGP/y/plugins/com.st.stm32cube.ide.mcu.externaltools.gnu-tools-for-stm32.9-2020-q2-update.linux64_2.0.0.202105311346/tools/bin/../lib/gcc/arm-none-eabi/9.3.1/../../../../arm-none-eabi/lib/thumb/v7e-m+fp/hard/libc_nano.a
LOAD /home/odemki/Programs/programs/STM32IDE/1/en.en-st-stm32cubeide_1-5-0_8698_20201117_1050_amd64_sh/makeself_dir_5QpOGP/y/plugins/com.st.stm32cube.ide.mcu.externaltools.gnu-tools-for-stm32.9-2020-q2-update.linux64_2.0.0.202105311346/tools/bin/../lib/gcc/arm-none-eabi/9.3.1/../../../../arm-none-eabi/lib/thumb/v7e-m+fp/hard/libnosys.a
END GROUP
START GROUP
LOAD /home/odemki/Programs/programs/STM32IDE/1/en.en-st-stm32cubeide_1-5-0_8698_20201117_1050_amd64_sh/makeself_dir_5QpOGP/y/plugins/com.st.stm32cube.ide.mcu.externaltools.gnu-tools-for-stm32.9-2020-q2-update.linux64_2.0.0.202105311346/tools/bin/../lib/gcc/arm-none-eabi/9.3.1/thumb/v7e-m+fp/hard/libgcc.a
LOAD /home/odemki/Programs/programs/STM32IDE/1/en.en-st-stm32cubeide_1-5-0_8698_20201117_1050_amd64_sh/makeself_dir_5QpOGP/y/plugins/com.st.stm32cube.ide.mcu.externaltools.gnu-tools-for-stm32.9-2020-q2-update.linux64_2.0.0.202105311346/tools/bin/../lib/gcc/arm-none-eabi/9.3.1/../../../../arm-none-eabi/lib/thumb/v7e-m+fp/hard/libc_nano.a
LOAD /home/odemki/Programs/programs/STM32IDE/1/en.en-st-stm32cubeide_1-5-0_8698_20201117_1050_amd64_sh/makeself_dir_5QpOGP/y/plugins/com.st.stm32cube.ide.mcu.externaltools.gnu-tools-for-stm32.9-2020-q2-update.linux64_2.0.0.202105311346/tools/bin/../lib/gcc/arm-none-eabi/9.3.1/../../../../arm-none-eabi/lib/thumb/v7e-m+fp/hard/libnosys.a
END GROUP
LOAD /home/odemki/Programs/programs/STM32IDE/1/en.en-st-stm32cubeide_1-5-0_8698_20201117_1050_amd64_sh/makeself_dir_5QpOGP/y/plugins/com.st.stm32cube.ide.mcu.externaltools.gnu-tools-for-stm32.9-2020-q2-update.linux64_2.0.0.202105311346/tools/bin/../lib/gcc/arm-none-eabi/9.3.1/thumb/v7e-m+fp/hard/crtend.o
LOAD /home/odemki/Programs/programs/STM32IDE/1/en.en-st-stm32cubeide_1-5-0_8698_20201117_1050_amd64_sh/makeself_dir_5QpOGP/y/plugins/com.st.stm32cube.ide.mcu.externaltools.gnu-tools-for-stm32.9-2020-q2-update.linux64_2.0.0.202105311346/tools/bin/../lib/gcc/arm-none-eabi/9.3.1/thumb/v7e-m+fp/hard/crtn.o
                0x0000000020020000                _estack = (ORIGIN (RAM) + LENGTH (RAM))
                0x0000000000000200                _Min_Heap_Size = 0x200
                0x0000000000000400                _Min_Stack_Size = 0x400

.isr_vector     0x0000000008000000      0x188
                0x0000000008000000                . = ALIGN (0x4)
 *(.isr_vector)
 .isr_vector    0x0000000008000000      0x188 ./Core/Startup/startup_stm32f407vgtx.o
                0x0000000008000000                g_pfnVectors
                0x0000000008000188                . = ALIGN (0x4)

.text           0x0000000008000190     0xb368
                0x0000000008000190                . = ALIGN (0x4)
 *(.text)
 .text          0x0000000008000190       0x40 /home/odemki/Programs/programs/STM32IDE/1/en.en-st-stm32cubeide_1-5-0_8698_20201117_1050_amd64_sh/makeself_dir_5QpOGP/y/plugins/com.st.stm32cube.ide.mcu.externaltools.gnu-tools-for-stm32.9-2020-q2-update.linux64_2.0.0.202105311346/tools/bin/../lib/gcc/arm-none-eabi/9.3.1/thumb/v7e-m+fp/hard/crtbegin.o
 .text          0x00000000080001d0       0xa0 /home/odemki/Programs/programs/STM32IDE/1/en.en-st-stm32cubeide_1-5-0_8698_20201117_1050_amd64_sh/makeself_dir_5QpOGP/y/plugins/com.st.stm32cube.ide.mcu.externaltools.gnu-tools-for-stm32.9-2020-q2-update.linux64_2.0.0.202105311346/tools/bin/../lib/gcc/arm-none-eabi/9.3.1/../../../../arm-none-eabi/lib/thumb/v7e-m+fp/hard/libc_nano.a(lib_a-memchr.o)
                0x00000000080001d0                memchr
 .text          0x0000000008000270       0x30 /home/odemki/Programs/programs/STM32IDE/1/en.en-st-stm32cubeide_1-5-0_8698_20201117_1050_amd64_sh/makeself_dir_5QpOGP/y/plugins/com.st.stm32cube.ide.mcu.externaltools.gnu-tools-for-stm32.9-2020-q2-update.linux64_2.0.0.202105311346/tools/bin/../lib/gcc/arm-none-eabi/9.3.1/thumb/v7e-m+fp/hard/libgcc.a(_aeabi_uldivmod.o)
                0x0000000008000270                __aeabi_uldivmod
 .text          0x00000000080002a0      0x2c4 /home/odemki/Programs/programs/STM32IDE/1/en.en-st-stm32cubeide_1-5-0_8698_20201117_1050_amd64_sh/makeself_dir_5QpOGP/y/plugins/com.st.stm32cube.ide.mcu.externaltools.gnu-tools-for-stm32.9-2020-q2-update.linux64_2.0.0.202105311346/tools/bin/../lib/gcc/arm-none-eabi/9.3.1/thumb/v7e-m+fp/hard/libgcc.a(_udivmoddi4.o)
                0x00000000080002a0                __udivmoddi4
 .text          0x0000000008000564        0x4 /home/odemki/Programs/programs/STM32IDE/1/en.en-st-stm32cubeide_1-5-0_8698_20201117_1050_amd64_sh/makeself_dir_5QpOGP/y/plugins/com.st.stm32cube.ide.mcu.externaltools.gnu-tools-for-stm32.9-2020-q2-update.linux64_2.0.0.202105311346/tools/bin/../lib/gcc/arm-none-eabi/9.3.1/thumb/v7e-m+fp/hard/libgcc.a(_dvmd_tls.o)
                0x0000000008000564                __aeabi_ldiv0
                0x0000000008000564                __aeabi_idiv0
 *(.text*)
 .text.main     0x0000000008000568      0x1d4 ./Core/Src/main.o
                0x0000000008000568                main
 .text.SystemClock_Config
                0x000000000800073c       0xd0 ./Core/Src/main.o
                0x000000000800073c                SystemClock_Config
 .text.MX_I2C1_Init
                0x000000000800080c       0x5c ./Core/Src/main.o
 .text.MX_SPI1_Init
                0x0000000008000868       0x6c ./Core/Src/main.o
 .text.MX_TIM2_Init
                0x00000000080008d4       0x98 ./Core/Src/main.o
 .text.MX_TIM3_Init
                0x000000000800096c       0x9c ./Core/Src/main.o
 .text.MX_TIM10_Init
                0x0000000008000a08       0x48 ./Core/Src/main.o
 .text.MX_GPIO_Init
                0x0000000008000a50      0x280 ./Core/Src/main.o
 .text.HAL_TIM_PeriodElapsedCallback
                0x0000000008000cd0       0x48 ./Core/Src/main.o
                0x0000000008000cd0                HAL_TIM_PeriodElapsedCallback
 .text.Error_Handler
                0x0000000008000d18       0x1c ./Core/Src/main.o
                0x0000000008000d18                Error_Handler
 .text.SPIx_WriteRead
                0x0000000008000d34       0x3c ./Core/Src/sd.o
                0x0000000008000d34                SPIx_WriteRead
 .text.SPI_Release
                0x0000000008000d70        0xe ./Core/Src/sd.o
                0x0000000008000d70                SPI_Release
 .text.SPI_SendByte
                0x0000000008000d7e       0x20 ./Core/Src/sd.o
                0x0000000008000d7e                SPI_SendByte
 *fill*         0x0000000008000d9e        0x2 
 .text.SD_PowerOn
                0x0000000008000da0       0x28 ./Core/Src/sd.o
                0x0000000008000da0                SD_PowerOn
 .text.Error    0x0000000008000dc8       0x18 ./Core/Src/sd.o
 .text.SPI_ReceiveByte
                0x0000000008000de0       0x1a ./Core/Src/sd.o
                0x0000000008000de0                SPI_ReceiveByte
 *fill*         0x0000000008000dfa        0x2 
 .text.SD_cmd   0x0000000008000dfc       0xd4 ./Core/Src/sd.o
 .text.SD_Write_Block
                0x0000000008000ed0       0xa4 ./Core/Src/sd.o
                0x0000000008000ed0                SD_Write_Block
 .text.SD_Read_Block
                0x0000000008000f74       0x88 ./Core/Src/sd.o
                0x0000000008000f74                SD_Read_Block
 .text.sd_ini   0x0000000008000ffc      0x224 ./Core/Src/sd.o
                0x0000000008000ffc                sd_ini
 .text.SPI_wait_ready
                0x0000000008001220       0x40 ./Core/Src/sd.o
                0x0000000008001220                SPI_wait_ready
 .text.HAL_MspInit
                0x0000000008001260       0x50 ./Core/Src/stm32f4xx_hal_msp.o
                0x0000000008001260                HAL_MspInit
 .text.HAL_I2C_MspInit
                0x00000000080012b0       0x90 ./Core/Src/stm32f4xx_hal_msp.o
                0x00000000080012b0                HAL_I2C_MspInit
 .text.HAL_SPI_MspInit
                0x0000000008001340       0x90 ./Core/Src/stm32f4xx_hal_msp.o
                0x0000000008001340                HAL_SPI_MspInit
 .text.HAL_TIM_Base_MspInit
                0x00000000080013d0       0xc4 ./Core/Src/stm32f4xx_hal_msp.o
                0x00000000080013d0                HAL_TIM_Base_MspInit
 .text.NMI_Handler
                0x0000000008001494        0x6 ./Core/Src/stm32f4xx_it.o
                0x0000000008001494                NMI_Handler
 .text.HardFault_Handler
                0x000000000800149a        0x6 ./Core/Src/stm32f4xx_it.o
                0x000000000800149a                HardFault_Handler
 .text.MemManage_Handler
                0x00000000080014a0        0x6 ./Core/Src/stm32f4xx_it.o
                0x00000000080014a0                MemManage_Handler
 .text.BusFault_Handler
                0x00000000080014a6        0x6 ./Core/Src/stm32f4xx_it.o
                0x00000000080014a6                BusFault_Handler
 .text.UsageFault_Handler
                0x00000000080014ac        0x6 ./Core/Src/stm32f4xx_it.o
                0x00000000080014ac                UsageFault_Handler
 .text.SVC_Handler
                0x00000000080014b2        0xe ./Core/Src/stm32f4xx_it.o
                0x00000000080014b2                SVC_Handler
 .text.DebugMon_Handler
                0x00000000080014c0        0xe ./Core/Src/stm32f4xx_it.o
                0x00000000080014c0                DebugMon_Handler
 .text.PendSV_Handler
                0x00000000080014ce        0xe ./Core/Src/stm32f4xx_it.o
                0x00000000080014ce                PendSV_Handler
 .text.SysTick_Handler
                0x00000000080014dc        0xc ./Core/Src/stm32f4xx_it.o
                0x00000000080014dc                SysTick_Handler
 .text.TIM1_UP_TIM10_IRQHandler
                0x00000000080014e8       0x14 ./Core/Src/stm32f4xx_it.o
                0x00000000080014e8                TIM1_UP_TIM10_IRQHandler
 .text.TIM2_IRQHandler
                0x00000000080014fc       0x14 ./Core/Src/stm32f4xx_it.o
                0x00000000080014fc                TIM2_IRQHandler
 .text.TIM3_IRQHandler
                0x0000000008001510       0x14 ./Core/Src/stm32f4xx_it.o
                0x0000000008001510                TIM3_IRQHandler
 .text.OTG_FS_IRQHandler
                0x0000000008001524       0x14 ./Core/Src/stm32f4xx_it.o
                0x0000000008001524                OTG_FS_IRQHandler
 .text._sbrk    0x0000000008001538       0x6c ./Core/Src/sysmem.o
                0x0000000008001538                _sbrk
 .text.SystemInit
                0x00000000080015a4       0x24 ./Core/Src/system_stm32f4xx.o
                0x00000000080015a4                SystemInit
 .text.Reset_Handler
                0x00000000080015c8       0x50 ./Core/Startup/startup_stm32f407vgtx.o
                0x00000000080015c8                Reset_Handler
 .text.Default_Handler
                0x0000000008001618        0x2 ./Core/Startup/startup_stm32f407vgtx.o
                0x0000000008001618                RTC_Alarm_IRQHandler
                0x0000000008001618                HASH_RNG_IRQHandler
                0x0000000008001618                EXTI2_IRQHandler
                0x0000000008001618                TIM8_CC_IRQHandler
                0x0000000008001618                TIM1_CC_IRQHandler
                0x0000000008001618                DMA2_Stream5_IRQHandler
                0x0000000008001618                DMA1_Stream5_IRQHandler
                0x0000000008001618                PVD_IRQHandler
                0x0000000008001618                SDIO_IRQHandler
                0x0000000008001618                TAMP_STAMP_IRQHandler
                0x0000000008001618                CAN2_RX1_IRQHandler
                0x0000000008001618                EXTI3_IRQHandler
                0x0000000008001618                TIM8_TRG_COM_TIM14_IRQHandler
                0x0000000008001618                TIM8_UP_TIM13_IRQHandler
                0x0000000008001618                I2C3_ER_IRQHandler
                0x0000000008001618                EXTI0_IRQHandler
                0x0000000008001618                I2C2_EV_IRQHandler
                0x0000000008001618                DMA1_Stream2_IRQHandler
                0x0000000008001618                CAN1_RX0_IRQHandler
                0x0000000008001618                FPU_IRQHandler
                0x0000000008001618                OTG_HS_WKUP_IRQHandler
                0x0000000008001618                CAN2_SCE_IRQHandler
                0x0000000008001618                DMA2_Stream2_IRQHandler
                0x0000000008001618                SPI1_IRQHandler
                0x0000000008001618                TIM6_DAC_IRQHandler
                0x0000000008001618                TIM1_BRK_TIM9_IRQHandler
                0x0000000008001618                DCMI_IRQHandler
                0x0000000008001618                CAN2_RX0_IRQHandler
                0x0000000008001618                DMA2_Stream3_IRQHandler
                0x0000000008001618                USART6_IRQHandler
                0x0000000008001618                USART3_IRQHandler
                0x0000000008001618                CAN1_RX1_IRQHandler
                0x0000000008001618                UART5_IRQHandler
                0x0000000008001618                DMA2_Stream0_IRQHandler
                0x0000000008001618                TIM4_IRQHandler
                0x0000000008001618                I2C1_EV_IRQHandler
                0x0000000008001618                DMA1_Stream6_IRQHandler
                0x0000000008001618                DMA1_Stream1_IRQHandler
                0x0000000008001618                UART4_IRQHandler
                0x0000000008001618                RCC_IRQHandler
                0x0000000008001618                TIM8_BRK_TIM12_IRQHandler
                0x0000000008001618                Default_Handler
                0x0000000008001618                EXTI15_10_IRQHandler
                0x0000000008001618                ADC_IRQHandler
                0x0000000008001618                DMA1_Stream7_IRQHandler
                0x0000000008001618                TIM7_IRQHandler
                0x0000000008001618                CAN2_TX_IRQHandler
                0x0000000008001618                TIM5_IRQHandler
                0x0000000008001618                DMA2_Stream7_IRQHandler
                0x0000000008001618                I2C3_EV_IRQHandler
                0x0000000008001618                EXTI9_5_IRQHandler
                0x0000000008001618                RTC_WKUP_IRQHandler
                0x0000000008001618                ETH_WKUP_IRQHandler
                0x0000000008001618                SPI2_IRQHandler
                0x0000000008001618                OTG_HS_EP1_IN_IRQHandler
                0x0000000008001618                DMA1_Stream0_IRQHandler
                0x0000000008001618                CAN1_TX_IRQHandler
                0x0000000008001618                EXTI4_IRQHandler
                0x0000000008001618                FSMC_IRQHandler
                0x0000000008001618                ETH_IRQHandler
                0x0000000008001618                OTG_HS_EP1_OUT_IRQHandler
                0x0000000008001618                WWDG_IRQHandler
                0x0000000008001618                OTG_FS_WKUP_IRQHandler
                0x0000000008001618                TIM1_TRG_COM_TIM11_IRQHandler
                0x0000000008001618                OTG_HS_IRQHandler
                0x0000000008001618                EXTI1_IRQHandler
                0x0000000008001618                USART2_IRQHandler
                0x0000000008001618                I2C2_ER_IRQHandler
                0x0000000008001618                DMA2_Stream1_IRQHandler
                0x0000000008001618                CAN1_SCE_IRQHandler
                0x0000000008001618                FLASH_IRQHandler
                0x0000000008001618                DMA2_Stream4_IRQHandler
                0x0000000008001618                USART1_IRQHandler
                0x0000000008001618                SPI3_IRQHandler
                0x0000000008001618                DMA1_Stream4_IRQHandler
                0x0000000008001618                I2C1_ER_IRQHandler
                0x0000000008001618                DMA2_Stream6_IRQHandler
                0x0000000008001618                DMA1_Stream3_IRQHandler
 *fill*         0x000000000800161a        0x2 
 .text.HAL_Init
                0x000000000800161c       0x44 ./Drivers/STM32F4xx_HAL_Driver/Src/stm32f4xx_hal.o
                0x000000000800161c                HAL_Init
 .text.HAL_InitTick
                0x0000000008001660       0x60 ./Drivers/STM32F4xx_HAL_Driver/Src/stm32f4xx_hal.o
                0x0000000008001660                HAL_InitTick
 .text.HAL_IncTick
                0x00000000080016c0       0x28 ./Drivers/STM32F4xx_HAL_Driver/Src/stm32f4xx_hal.o
                0x00000000080016c0                HAL_IncTick
 .text.HAL_GetTick
                0x00000000080016e8       0x18 ./Drivers/STM32F4xx_HAL_Driver/Src/stm32f4xx_hal.o
                0x00000000080016e8                HAL_GetTick
 .text.HAL_Delay
                0x0000000008001700       0x48 ./Drivers/STM32F4xx_HAL_Driver/Src/stm32f4xx_hal.o
                0x0000000008001700                HAL_Delay
 .text.__NVIC_SetPriorityGrouping
                0x0000000008001748       0x48 ./Drivers/STM32F4xx_HAL_Driver/Src/stm32f4xx_hal_cortex.o
 .text.__NVIC_GetPriorityGrouping
                0x0000000008001790       0x1c ./Drivers/STM32F4xx_HAL_Driver/Src/stm32f4xx_hal_cortex.o
 .text.__NVIC_EnableIRQ
                0x00000000080017ac       0x3c ./Drivers/STM32F4xx_HAL_Driver/Src/stm32f4xx_hal_cortex.o
 .text.__NVIC_SetPriority
                0x00000000080017e8       0x54 ./Drivers/STM32F4xx_HAL_Driver/Src/stm32f4xx_hal_cortex.o
 .text.NVIC_EncodePriority
                0x000000000800183c       0x66 ./Drivers/STM32F4xx_HAL_Driver/Src/stm32f4xx_hal_cortex.o
 *fill*         0x00000000080018a2        0x2 
 .text.SysTick_Config
                0x00000000080018a4       0x44 ./Drivers/STM32F4xx_HAL_Driver/Src/stm32f4xx_hal_cortex.o
 .text.HAL_NVIC_SetPriorityGrouping
                0x00000000080018e8       0x16 ./Drivers/STM32F4xx_HAL_Driver/Src/stm32f4xx_hal_cortex.o
                0x00000000080018e8                HAL_NVIC_SetPriorityGrouping
 .text.HAL_NVIC_SetPriority
                0x00000000080018fe       0x38 ./Drivers/STM32F4xx_HAL_Driver/Src/stm32f4xx_hal_cortex.o
                0x00000000080018fe                HAL_NVIC_SetPriority
 .text.HAL_NVIC_EnableIRQ
                0x0000000008001936       0x1c ./Drivers/STM32F4xx_HAL_Driver/Src/stm32f4xx_hal_cortex.o
                0x0000000008001936                HAL_NVIC_EnableIRQ
 .text.HAL_SYSTICK_Config
                0x0000000008001952       0x18 ./Drivers/STM32F4xx_HAL_Driver/Src/stm32f4xx_hal_cortex.o
                0x0000000008001952                HAL_SYSTICK_Config
 *fill*         0x000000000800196a        0x2 
 .text.HAL_GPIO_Init
                0x000000000800196c      0x338 ./Drivers/STM32F4xx_HAL_Driver/Src/stm32f4xx_hal_gpio.o
                0x000000000800196c                HAL_GPIO_Init
 .text.HAL_GPIO_WritePin
                0x0000000008001ca4       0x32 ./Drivers/STM32F4xx_HAL_Driver/Src/stm32f4xx_hal_gpio.o
                0x0000000008001ca4                HAL_GPIO_WritePin
 .text.HAL_GPIO_TogglePin
                0x0000000008001cd6       0x34 ./Drivers/STM32F4xx_HAL_Driver/Src/stm32f4xx_hal_gpio.o
                0x0000000008001cd6                HAL_GPIO_TogglePin
 *fill*         0x0000000008001d0a        0x2 
 .text.HAL_I2C_Init
                0x0000000008001d0c      0x288 ./Drivers/STM32F4xx_HAL_Driver/Src/stm32f4xx_hal_i2c.o
                0x0000000008001d0c                HAL_I2C_Init
 .text.HAL_PCD_Init
                0x0000000008001f94      0x23a ./Drivers/STM32F4xx_HAL_Driver/Src/stm32f4xx_hal_pcd.o
                0x0000000008001f94                HAL_PCD_Init
 .text.HAL_PCD_Start
                0x00000000080021ce       0x66 ./Drivers/STM32F4xx_HAL_Driver/Src/stm32f4xx_hal_pcd.o
                0x00000000080021ce                HAL_PCD_Start
 .text.HAL_PCD_IRQHandler
                0x0000000008002234      0x764 ./Drivers/STM32F4xx_HAL_Driver/Src/stm32f4xx_hal_pcd.o
                0x0000000008002234                HAL_PCD_IRQHandler
 .text.HAL_PCD_SetAddress
                0x0000000008002998       0x4a ./Drivers/STM32F4xx_HAL_Driver/Src/stm32f4xx_hal_pcd.o
                0x0000000008002998                HAL_PCD_SetAddress
 .text.HAL_PCD_EP_Open
                0x00000000080029e2       0xd0 ./Drivers/STM32F4xx_HAL_Driver/Src/stm32f4xx_hal_pcd.o
                0x00000000080029e2                HAL_PCD_EP_Open
 .text.HAL_PCD_EP_Close
                0x0000000008002ab2       0x94 ./Drivers/STM32F4xx_HAL_Driver/Src/stm32f4xx_hal_pcd.o
                0x0000000008002ab2                HAL_PCD_EP_Close
 .text.HAL_PCD_EP_Receive
                0x0000000008002b46       0x96 ./Drivers/STM32F4xx_HAL_Driver/Src/stm32f4xx_hal_pcd.o
                0x0000000008002b46                HAL_PCD_EP_Receive
 .text.HAL_PCD_EP_GetRxCount
                0x0000000008002bdc       0x30 ./Drivers/STM32F4xx_HAL_Driver/Src/stm32f4xx_hal_pcd.o
                0x0000000008002bdc                HAL_PCD_EP_GetRxCount
 .text.HAL_PCD_EP_Transmit
                0x0000000008002c0c       0x94 ./Drivers/STM32F4xx_HAL_Driver/Src/stm32f4xx_hal_pcd.o
                0x0000000008002c0c                HAL_PCD_EP_Transmit
 .text.HAL_PCD_EP_SetStall
                0x0000000008002ca0       0xc8 ./Drivers/STM32F4xx_HAL_Driver/Src/stm32f4xx_hal_pcd.o
                0x0000000008002ca0                HAL_PCD_EP_SetStall
 .text.HAL_PCD_EP_ClrStall
                0x0000000008002d68       0xac ./Drivers/STM32F4xx_HAL_Driver/Src/stm32f4xx_hal_pcd.o
                0x0000000008002d68                HAL_PCD_EP_ClrStall
 .text.PCD_WriteEmptyTxFifo
                0x0000000008002e14      0x11a ./Drivers/STM32F4xx_HAL_Driver/Src/stm32f4xx_hal_pcd.o
 *fill*         0x0000000008002f2e        0x2 
 .text.PCD_EP_OutXfrComplete_int
                0x0000000008002f30      0x218 ./Drivers/STM32F4xx_HAL_Driver/Src/stm32f4xx_hal_pcd.o
 .text.PCD_EP_OutSetupPacket_int
                0x0000000008003148       0x8c ./Drivers/STM32F4xx_HAL_Driver/Src/stm32f4xx_hal_pcd.o
 .text.HAL_PCDEx_SetTxFiFo
                0x00000000080031d4       0x8e ./Drivers/STM32F4xx_HAL_Driver/Src/stm32f4xx_hal_pcd_ex.o
                0x00000000080031d4                HAL_PCDEx_SetTxFiFo
 .text.HAL_PCDEx_SetRxFiFo
                0x0000000008003262       0x22 ./Drivers/STM32F4xx_HAL_Driver/Src/stm32f4xx_hal_pcd_ex.o
                0x0000000008003262                HAL_PCDEx_SetRxFiFo
 .text.HAL_PCDEx_LPM_Callback
                0x0000000008003284       0x18 ./Drivers/STM32F4xx_HAL_Driver/Src/stm32f4xx_hal_pcd_ex.o
                0x0000000008003284                HAL_PCDEx_LPM_Callback
 .text.HAL_RCC_OscConfig
                0x000000000800329c      0x4f0 ./Drivers/STM32F4xx_HAL_Driver/Src/stm32f4xx_hal_rcc.o
                0x000000000800329c                HAL_RCC_OscConfig
 .text.HAL_RCC_ClockConfig
                0x000000000800378c      0x1cc ./Drivers/STM32F4xx_HAL_Driver/Src/stm32f4xx_hal_rcc.o
                0x000000000800378c                HAL_RCC_ClockConfig
 .text.HAL_RCC_GetSysClockFreq
                0x0000000008003958      0x1c4 ./Drivers/STM32F4xx_HAL_Driver/Src/stm32f4xx_hal_rcc.o
                0x0000000008003958                HAL_RCC_GetSysClockFreq
 .text.HAL_RCC_GetHCLKFreq
                0x0000000008003b1c       0x18 ./Drivers/STM32F4xx_HAL_Driver/Src/stm32f4xx_hal_rcc.o
                0x0000000008003b1c                HAL_RCC_GetHCLKFreq
 .text.HAL_RCC_GetPCLK1Freq
                0x0000000008003b34       0x28 ./Drivers/STM32F4xx_HAL_Driver/Src/stm32f4xx_hal_rcc.o
                0x0000000008003b34                HAL_RCC_GetPCLK1Freq
 .text.HAL_SPI_Init
                0x0000000008003b5c      0x112 ./Drivers/STM32F4xx_HAL_Driver/Src/stm32f4xx_hal_spi.o
                0x0000000008003b5c                HAL_SPI_Init
 .text.HAL_SPI_TransmitReceive
                0x0000000008003c6e      0x344 ./Drivers/STM32F4xx_HAL_Driver/Src/stm32f4xx_hal_spi.o
                0x0000000008003c6e                HAL_SPI_TransmitReceive
 *fill*         0x0000000008003fb2        0x2 
 .text.SPI_WaitFlagStateUntilTimeout
                0x0000000008003fb4      0x110 ./Drivers/STM32F4xx_HAL_Driver/Src/stm32f4xx_hal_spi.o
 .text.SPI_EndRxTxTransaction
                0x00000000080040c4       0x84 ./Drivers/STM32F4xx_HAL_Driver/Src/stm32f4xx_hal_spi.o
 .text.HAL_TIM_Base_Init
                0x0000000008004148       0x9e ./Drivers/STM32F4xx_HAL_Driver/Src/stm32f4xx_hal_tim.o
                0x0000000008004148                HAL_TIM_Base_Init
 *fill*         0x00000000080041e6        0x2 
 .text.HAL_TIM_Base_Start_IT
                0x00000000080041e8       0xe0 ./Drivers/STM32F4xx_HAL_Driver/Src/stm32f4xx_hal_tim.o
                0x00000000080041e8                HAL_TIM_Base_Start_IT
 .text.HAL_TIM_IRQHandler
                0x00000000080042c8      0x210 ./Drivers/STM32F4xx_HAL_Driver/Src/stm32f4xx_hal_tim.o
                0x00000000080042c8                HAL_TIM_IRQHandler
 .text.HAL_TIM_ConfigClockSource
                0x00000000080044d8      0x18e ./Drivers/STM32F4xx_HAL_Driver/Src/stm32f4xx_hal_tim.o
                0x00000000080044d8                HAL_TIM_ConfigClockSource
 .text.HAL_TIM_OC_DelayElapsedCallback
                0x0000000008004666       0x14 ./Drivers/STM32F4xx_HAL_Driver/Src/stm32f4xx_hal_tim.o
                0x0000000008004666                HAL_TIM_OC_DelayElapsedCallback
 .text.HAL_TIM_IC_CaptureCallback
                0x000000000800467a       0x14 ./Drivers/STM32F4xx_HAL_Driver/Src/stm32f4xx_hal_tim.o
                0x000000000800467a                HAL_TIM_IC_CaptureCallback
 .text.HAL_TIM_PWM_PulseFinishedCallback
                0x000000000800468e       0x14 ./Drivers/STM32F4xx_HAL_Driver/Src/stm32f4xx_hal_tim.o
                0x000000000800468e                HAL_TIM_PWM_PulseFinishedCallback
 .text.HAL_TIM_TriggerCallback
                0x00000000080046a2       0x14 ./Drivers/STM32F4xx_HAL_Driver/Src/stm32f4xx_hal_tim.o
                0x00000000080046a2                HAL_TIM_TriggerCallback
 *fill*         0x00000000080046b6        0x2 
 .text.TIM_Base_SetConfig
                0x00000000080046b8      0x140 ./Drivers/STM32F4xx_HAL_Driver/Src/stm32f4xx_hal_tim.o
                0x00000000080046b8                TIM_Base_SetConfig
 .text.TIM_TI1_ConfigInputStage
                0x00000000080047f8       0x5e ./Drivers/STM32F4xx_HAL_Driver/Src/stm32f4xx_hal_tim.o
 .text.TIM_TI2_ConfigInputStage
                0x0000000008004856       0x60 ./Drivers/STM32F4xx_HAL_Driver/Src/stm32f4xx_hal_tim.o
 .text.TIM_ITRx_SetConfig
                0x00000000080048b6       0x36 ./Drivers/STM32F4xx_HAL_Driver/Src/stm32f4xx_hal_tim.o
 .text.TIM_ETR_SetConfig
                0x00000000080048ec       0x40 ./Drivers/STM32F4xx_HAL_Driver/Src/stm32f4xx_hal_tim.o
                0x00000000080048ec                TIM_ETR_SetConfig
 .text.HAL_TIMEx_MasterConfigSynchronization
                0x000000000800492c       0xf8 ./Drivers/STM32F4xx_HAL_Driver/Src/stm32f4xx_hal_tim_ex.o
                0x000000000800492c                HAL_TIMEx_MasterConfigSynchronization
 .text.HAL_TIMEx_CommutCallback
                0x0000000008004a24       0x14 ./Drivers/STM32F4xx_HAL_Driver/Src/stm32f4xx_hal_tim_ex.o
                0x0000000008004a24                HAL_TIMEx_CommutCallback
 .text.HAL_TIMEx_BreakCallback
                0x0000000008004a38       0x14 ./Drivers/STM32F4xx_HAL_Driver/Src/stm32f4xx_hal_tim_ex.o
                0x0000000008004a38                HAL_TIMEx_BreakCallback
 .text.USB_CoreInit
                0x0000000008004a4c       0xc2 ./Drivers/STM32F4xx_HAL_Driver/Src/stm32f4xx_ll_usb.o
                0x0000000008004a4c                USB_CoreInit
 *fill*         0x0000000008004b0e        0x2 
 .text.USB_SetTurnaroundTime
                0x0000000008004b10      0x144 ./Drivers/STM32F4xx_HAL_Driver/Src/stm32f4xx_ll_usb.o
                0x0000000008004b10                USB_SetTurnaroundTime
 .text.USB_EnableGlobalInt
                0x0000000008004c54       0x22 ./Drivers/STM32F4xx_HAL_Driver/Src/stm32f4xx_ll_usb.o
                0x0000000008004c54                USB_EnableGlobalInt
 .text.USB_DisableGlobalInt
                0x0000000008004c76       0x22 ./Drivers/STM32F4xx_HAL_Driver/Src/stm32f4xx_ll_usb.o
                0x0000000008004c76                USB_DisableGlobalInt
 .text.USB_SetCurrentMode
                0x0000000008004c98       0x98 ./Drivers/STM32F4xx_HAL_Driver/Src/stm32f4xx_ll_usb.o
                0x0000000008004c98                USB_SetCurrentMode
 .text.USB_DevInit
                0x0000000008004d30      0x2c8 ./Drivers/STM32F4xx_HAL_Driver/Src/stm32f4xx_ll_usb.o
                0x0000000008004d30                USB_DevInit
 .text.USB_FlushTxFifo
                0x0000000008004ff8       0x48 ./Drivers/STM32F4xx_HAL_Driver/Src/stm32f4xx_ll_usb.o
                0x0000000008004ff8                USB_FlushTxFifo
 .text.USB_FlushRxFifo
                0x0000000008005040       0x40 ./Drivers/STM32F4xx_HAL_Driver/Src/stm32f4xx_ll_usb.o
                0x0000000008005040                USB_FlushRxFifo
 .text.USB_SetDevSpeed
                0x0000000008005080       0x32 ./Drivers/STM32F4xx_HAL_Driver/Src/stm32f4xx_ll_usb.o
                0x0000000008005080                USB_SetDevSpeed
 .text.USB_GetDevSpeed
                0x00000000080050b2       0x4a ./Drivers/STM32F4xx_HAL_Driver/Src/stm32f4xx_ll_usb.o
                0x00000000080050b2                USB_GetDevSpeed
 .text.USB_ActivateEndpoint
                0x00000000080050fc      0x10e ./Drivers/STM32F4xx_HAL_Driver/Src/stm32f4xx_ll_usb.o
                0x00000000080050fc                USB_ActivateEndpoint
 *fill*         0x000000000800520a        0x2 
 .text.USB_DeactivateEndpoint
                0x000000000800520c      0x1b8 ./Drivers/STM32F4xx_HAL_Driver/Src/stm32f4xx_ll_usb.o
                0x000000000800520c                USB_DeactivateEndpoint
 .text.USB_EPStartXfer
                0x00000000080053c4      0x488 ./Drivers/STM32F4xx_HAL_Driver/Src/stm32f4xx_ll_usb.o
                0x00000000080053c4                USB_EPStartXfer
 .text.USB_EP0StartXfer
                0x000000000800584c      0x2a6 ./Drivers/STM32F4xx_HAL_Driver/Src/stm32f4xx_ll_usb.o
                0x000000000800584c                USB_EP0StartXfer
 .text.USB_WritePacket
                0x0000000008005af2       0x7c ./Drivers/STM32F4xx_HAL_Driver/Src/stm32f4xx_ll_usb.o
                0x0000000008005af2                USB_WritePacket
 .text.USB_ReadPacket
                0x0000000008005b6e       0xb0 ./Drivers/STM32F4xx_HAL_Driver/Src/stm32f4xx_ll_usb.o
                0x0000000008005b6e                USB_ReadPacket
 .text.USB_EPSetStall
                0x0000000008005c1e       0xdc ./Drivers/STM32F4xx_HAL_Driver/Src/stm32f4xx_ll_usb.o
                0x0000000008005c1e                USB_EPSetStall
 .text.USB_EPClearStall
                0x0000000008005cfa       0xcc ./Drivers/STM32F4xx_HAL_Driver/Src/stm32f4xx_ll_usb.o
                0x0000000008005cfa                USB_EPClearStall
 .text.USB_SetDevAddress
                0x0000000008005dc6       0x4c ./Drivers/STM32F4xx_HAL_Driver/Src/stm32f4xx_ll_usb.o
                0x0000000008005dc6                USB_SetDevAddress
 .text.USB_DevConnect
                0x0000000008005e12       0x42 ./Drivers/STM32F4xx_HAL_Driver/Src/stm32f4xx_ll_usb.o
                0x0000000008005e12                USB_DevConnect
 .text.USB_DevDisconnect
                0x0000000008005e54       0x42 ./Drivers/STM32F4xx_HAL_Driver/Src/stm32f4xx_ll_usb.o
                0x0000000008005e54                USB_DevDisconnect
 .text.USB_ReadInterrupts
                0x0000000008005e96       0x26 ./Drivers/STM32F4xx_HAL_Driver/Src/stm32f4xx_ll_usb.o
                0x0000000008005e96                USB_ReadInterrupts
 .text.USB_ReadDevAllOutEpInterrupt
                0x0000000008005ebc       0x34 ./Drivers/STM32F4xx_HAL_Driver/Src/stm32f4xx_ll_usb.o
                0x0000000008005ebc                USB_ReadDevAllOutEpInterrupt
 .text.USB_ReadDevAllInEpInterrupt
                0x0000000008005ef0       0x34 ./Drivers/STM32F4xx_HAL_Driver/Src/stm32f4xx_ll_usb.o
                0x0000000008005ef0                USB_ReadDevAllInEpInterrupt
 .text.USB_ReadDevOutEPInterrupt
                0x0000000008005f24       0x3c ./Drivers/STM32F4xx_HAL_Driver/Src/stm32f4xx_ll_usb.o
                0x0000000008005f24                USB_ReadDevOutEPInterrupt
 .text.USB_ReadDevInEPInterrupt
                0x0000000008005f60       0x5c ./Drivers/STM32F4xx_HAL_Driver/Src/stm32f4xx_ll_usb.o
                0x0000000008005f60                USB_ReadDevInEPInterrupt
 .text.USB_GetMode
                0x0000000008005fbc       0x1c ./Drivers/STM32F4xx_HAL_Driver/Src/stm32f4xx_ll_usb.o
                0x0000000008005fbc                USB_GetMode
 .text.USB_ActivateSetup
                0x0000000008005fd8       0x46 ./Drivers/STM32F4xx_HAL_Driver/Src/stm32f4xx_ll_usb.o
                0x0000000008005fd8                USB_ActivateSetup
 *fill*         0x000000000800601e        0x2 
 .text.USB_EP0_OutStart
                0x0000000008006020       0xbc ./Drivers/STM32F4xx_HAL_Driver/Src/stm32f4xx_ll_usb.o
                0x0000000008006020                USB_EP0_OutStart
 .text.USB_CoreReset
                0x00000000080060dc       0x64 ./Drivers/STM32F4xx_HAL_Driver/Src/stm32f4xx_ll_usb.o
 .text.MX_FATFS_Init
                0x0000000008006140       0x24 ./FATFS/App/fatfs.o
                0x0000000008006140                MX_FATFS_Init
 .text.USER_initialize
                0x0000000008006164       0x3c ./FATFS/Target/user_diskio.o
                0x0000000008006164                USER_initialize
 .text.USER_status
                0x00000000080061a0       0x2c ./FATFS/Target/user_diskio.o
                0x00000000080061a0                USER_status
 .text.USER_read
                0x00000000080061cc       0x78 ./FATFS/Target/user_diskio.o
                0x00000000080061cc                USER_read
 .text.USER_write
                0x0000000008006244       0x8c ./FATFS/Target/user_diskio.o
                0x0000000008006244                USER_write
 .text.USER_ioctl
                0x00000000080062d0       0x84 ./FATFS/Target/user_diskio.o
                0x00000000080062d0                USER_ioctl
 .text.USBD_CDC_Init
                0x0000000008006354       0xfe ./Middlewares/ST/STM32_USB_Device_Library/Class/CDC/Src/usbd_cdc.o
 .text.USBD_CDC_DeInit
                0x0000000008006452       0x74 ./Middlewares/ST/STM32_USB_Device_Library/Class/CDC/Src/usbd_cdc.o
 *fill*         0x00000000080064c6        0x2 
 .text.USBD_CDC_Setup
                0x00000000080064c8      0x190 ./Middlewares/ST/STM32_USB_Device_Library/Class/CDC/Src/usbd_cdc.o
 .text.USBD_CDC_DataIn
                0x0000000008006658       0xca ./Middlewares/ST/STM32_USB_Device_Library/Class/CDC/Src/usbd_cdc.o
 .text.USBD_CDC_DataOut
                0x0000000008006722       0x56 ./Middlewares/ST/STM32_USB_Device_Library/Class/CDC/Src/usbd_cdc.o
 .text.USBD_CDC_EP0_RxReady
                0x0000000008006778       0x5a ./Middlewares/ST/STM32_USB_Device_Library/Class/CDC/Src/usbd_cdc.o
 *fill*         0x00000000080067d2        0x2 
 .text.USBD_CDC_GetFSCfgDesc
                0x00000000080067d4       0x20 ./Middlewares/ST/STM32_USB_Device_Library/Class/CDC/Src/usbd_cdc.o
 .text.USBD_CDC_GetHSCfgDesc
                0x00000000080067f4       0x20 ./Middlewares/ST/STM32_USB_Device_Library/Class/CDC/Src/usbd_cdc.o
 .text.USBD_CDC_GetOtherSpeedCfgDesc
                0x0000000008006814       0x20 ./Middlewares/ST/STM32_USB_Device_Library/Class/CDC/Src/usbd_cdc.o
 .text.USBD_CDC_GetDeviceQualifierDescriptor
                0x0000000008006834       0x20 ./Middlewares/ST/STM32_USB_Device_Library/Class/CDC/Src/usbd_cdc.o
                0x0000000008006834                USBD_CDC_GetDeviceQualifierDescriptor
 .text.USBD_CDC_RegisterInterface
                0x0000000008006854       0x2a ./Middlewares/ST/STM32_USB_Device_Library/Class/CDC/Src/usbd_cdc.o
                0x0000000008006854                USBD_CDC_RegisterInterface
 .text.USBD_CDC_SetTxBuffer
                0x000000000800687e       0x3c ./Middlewares/ST/STM32_USB_Device_Library/Class/CDC/Src/usbd_cdc.o
                0x000000000800687e                USBD_CDC_SetTxBuffer
 .text.USBD_CDC_SetRxBuffer
                0x00000000080068ba       0x32 ./Middlewares/ST/STM32_USB_Device_Library/Class/CDC/Src/usbd_cdc.o
                0x00000000080068ba                USBD_CDC_SetRxBuffer
 .text.USBD_CDC_ReceivePacket
                0x00000000080068ec       0x54 ./Middlewares/ST/STM32_USB_Device_Library/Class/CDC/Src/usbd_cdc.o
                0x00000000080068ec                USBD_CDC_ReceivePacket
 .text.USBD_Init
                0x0000000008006940       0x60 ./Middlewares/ST/STM32_USB_Device_Library/Core/Src/usbd_core.o
                0x0000000008006940                USBD_Init
 .text.USBD_RegisterClass
                0x00000000080069a0       0x4e ./Middlewares/ST/STM32_USB_Device_Library/Core/Src/usbd_core.o
                0x00000000080069a0                USBD_RegisterClass
 .text.USBD_Start
                0x00000000080069ee       0x18 ./Middlewares/ST/STM32_USB_Device_Library/Core/Src/usbd_core.o
                0x00000000080069ee                USBD_Start
 .text.USBD_RunTestMode
                0x0000000008006a06       0x16 ./Middlewares/ST/STM32_USB_Device_Library/Core/Src/usbd_core.o
                0x0000000008006a06                USBD_RunTestMode
 .text.USBD_SetClassConfig
                0x0000000008006a1c       0x38 ./Middlewares/ST/STM32_USB_Device_Library/Core/Src/usbd_core.o
                0x0000000008006a1c                USBD_SetClassConfig
 .text.USBD_ClrClassConfig
                0x0000000008006a54       0x30 ./Middlewares/ST/STM32_USB_Device_Library/Core/Src/usbd_core.o
                0x0000000008006a54                USBD_ClrClassConfig
 .text.USBD_LL_SetupStage
                0x0000000008006a84       0xaa ./Middlewares/ST/STM32_USB_Device_Library/Core/Src/usbd_core.o
                0x0000000008006a84                USBD_LL_SetupStage
 .text.USBD_LL_DataOutStage
                0x0000000008006b2e       0xc6 ./Middlewares/ST/STM32_USB_Device_Library/Core/Src/usbd_core.o
                0x0000000008006b2e                USBD_LL_DataOutStage
 .text.USBD_LL_DataInStage
                0x0000000008006bf4      0x12c ./Middlewares/ST/STM32_USB_Device_Library/Core/Src/usbd_core.o
                0x0000000008006bf4                USBD_LL_DataInStage
 .text.USBD_LL_Reset
                0x0000000008006d20       0x9c ./Middlewares/ST/STM32_USB_Device_Library/Core/Src/usbd_core.o
                0x0000000008006d20                USBD_LL_Reset
 .text.USBD_LL_SetSpeed
                0x0000000008006dbc       0x20 ./Middlewares/ST/STM32_USB_Device_Library/Core/Src/usbd_core.o
                0x0000000008006dbc                USBD_LL_SetSpeed
 .text.USBD_LL_Suspend
                0x0000000008006ddc       0x2c ./Middlewares/ST/STM32_USB_Device_Library/Core/Src/usbd_core.o
                0x0000000008006ddc                USBD_LL_Suspend
 .text.USBD_LL_Resume
                0x0000000008006e08       0x30 ./Middlewares/ST/STM32_USB_Device_Library/Core/Src/usbd_core.o
                0x0000000008006e08                USBD_LL_Resume
 .text.USBD_LL_SOF
                0x0000000008006e38       0x44 ./Middlewares/ST/STM32_USB_Device_Library/Core/Src/usbd_core.o
                0x0000000008006e38                USBD_LL_SOF
 .text.USBD_LL_IsoINIncomplete
                0x0000000008006e7c       0x4c ./Middlewares/ST/STM32_USB_Device_Library/Core/Src/usbd_core.o
                0x0000000008006e7c                USBD_LL_IsoINIncomplete
 .text.USBD_LL_IsoOUTIncomplete
                0x0000000008006ec8       0x4c ./Middlewares/ST/STM32_USB_Device_Library/Core/Src/usbd_core.o
                0x0000000008006ec8                USBD_LL_IsoOUTIncomplete
 .text.USBD_LL_DevConnected
                0x0000000008006f14       0x16 ./Middlewares/ST/STM32_USB_Device_Library/Core/Src/usbd_core.o
                0x0000000008006f14                USBD_LL_DevConnected
 .text.USBD_LL_DevDisconnected
                0x0000000008006f2a       0x38 ./Middlewares/ST/STM32_USB_Device_Library/Core/Src/usbd_core.o
                0x0000000008006f2a                USBD_LL_DevDisconnected
 .text.SWAPBYTE
                0x0000000008006f62       0x3c ./Middlewares/ST/STM32_USB_Device_Library/Core/Src/usbd_ctlreq.o
 *fill*         0x0000000008006f9e        0x2 
 .text.USBD_StdDevReq
                0x0000000008006fa0       0xdc ./Middlewares/ST/STM32_USB_Device_Library/Core/Src/usbd_ctlreq.o
                0x0000000008006fa0                USBD_StdDevReq
 .text.USBD_StdItfReq
                0x000000000800707c       0x92 ./Middlewares/ST/STM32_USB_Device_Library/Core/Src/usbd_ctlreq.o
                0x000000000800707c                USBD_StdItfReq
 .text.USBD_StdEPReq
                0x000000000800710e      0x2c4 ./Middlewares/ST/STM32_USB_Device_Library/Core/Src/usbd_ctlreq.o
                0x000000000800710e                USBD_StdEPReq
 *fill*         0x00000000080073d2        0x2 
 .text.USBD_GetDescriptor
                0x00000000080073d4      0x2d4 ./Middlewares/ST/STM32_USB_Device_Library/Core/Src/usbd_ctlreq.o
 .text.USBD_SetAddress
                0x00000000080076a8       0x88 ./Middlewares/ST/STM32_USB_Device_Library/Core/Src/usbd_ctlreq.o
 .text.USBD_SetConfig
                0x0000000008007730      0x14c ./Middlewares/ST/STM32_USB_Device_Library/Core/Src/usbd_ctlreq.o
 .text.USBD_GetConfig
                0x000000000800787c       0x6c ./Middlewares/ST/STM32_USB_Device_Library/Core/Src/usbd_ctlreq.o
 .text.USBD_GetStatus
                0x00000000080078e8       0x68 ./Middlewares/ST/STM32_USB_Device_Library/Core/Src/usbd_ctlreq.o
 .text.USBD_SetFeature
                0x0000000008007950       0x28 ./Middlewares/ST/STM32_USB_Device_Library/Core/Src/usbd_ctlreq.o
 .text.USBD_ClrFeature
                0x0000000008007978       0x44 ./Middlewares/ST/STM32_USB_Device_Library/Core/Src/usbd_ctlreq.o
 .text.USBD_ParseSetupRequest
                0x00000000080079bc       0x74 ./Middlewares/ST/STM32_USB_Device_Library/Core/Src/usbd_ctlreq.o
                0x00000000080079bc                USBD_ParseSetupRequest
 .text.USBD_CtlError
                0x0000000008007a30       0x22 ./Middlewares/ST/STM32_USB_Device_Library/Core/Src/usbd_ctlreq.o
                0x0000000008007a30                USBD_CtlError
 .text.USBD_GetString
                0x0000000008007a52       0x8c ./Middlewares/ST/STM32_USB_Device_Library/Core/Src/usbd_ctlreq.o
                0x0000000008007a52                USBD_GetString
 .text.USBD_GetLen
                0x0000000008007ade       0x34 ./Middlewares/ST/STM32_USB_Device_Library/Core/Src/usbd_ctlreq.o
 .text.USBD_CtlSendData
                0x0000000008007b12       0x36 ./Middlewares/ST/STM32_USB_Device_Library/Core/Src/usbd_ioreq.o
                0x0000000008007b12                USBD_CtlSendData
 .text.USBD_CtlContinueSendData
                0x0000000008007b48       0x22 ./Middlewares/ST/STM32_USB_Device_Library/Core/Src/usbd_ioreq.o
                0x0000000008007b48                USBD_CtlContinueSendData
 .text.USBD_CtlPrepareRx
                0x0000000008007b6a       0x3a ./Middlewares/ST/STM32_USB_Device_Library/Core/Src/usbd_ioreq.o
                0x0000000008007b6a                USBD_CtlPrepareRx
 .text.USBD_CtlContinueRx
                0x0000000008007ba4       0x22 ./Middlewares/ST/STM32_USB_Device_Library/Core/Src/usbd_ioreq.o
                0x0000000008007ba4                USBD_CtlContinueRx
 .text.USBD_CtlSendStatus
                0x0000000008007bc6       0x26 ./Middlewares/ST/STM32_USB_Device_Library/Core/Src/usbd_ioreq.o
                0x0000000008007bc6                USBD_CtlSendStatus
 .text.USBD_CtlReceiveStatus
                0x0000000008007bec       0x26 ./Middlewares/ST/STM32_USB_Device_Library/Core/Src/usbd_ioreq.o
                0x0000000008007bec                USBD_CtlReceiveStatus
 *fill*         0x0000000008007c12        0x2 
 .text.disk_status
                0x0000000008007c14       0x34 ./Middlewares/Third_Party/FatFs/src/diskio.o
                0x0000000008007c14                disk_status
 .text.disk_initialize
                0x0000000008007c48       0x4c ./Middlewares/Third_Party/FatFs/src/diskio.o
                0x0000000008007c48                disk_initialize
 .text.disk_read
                0x0000000008007c94       0x40 ./Middlewares/Third_Party/FatFs/src/diskio.o
                0x0000000008007c94                disk_read
 .text.disk_write
                0x0000000008007cd4       0x40 ./Middlewares/Third_Party/FatFs/src/diskio.o
                0x0000000008007cd4                disk_write
 .text.disk_ioctl
                0x0000000008007d14       0x3c ./Middlewares/Third_Party/FatFs/src/diskio.o
                0x0000000008007d14                disk_ioctl
 .text.ld_word  0x0000000008007d50       0x30 ./Middlewares/Third_Party/FatFs/src/ff.o
 .text.ld_dword
                0x0000000008007d80       0x46 ./Middlewares/Third_Party/FatFs/src/ff.o
 .text.st_word  0x0000000008007dc6       0x36 ./Middlewares/Third_Party/FatFs/src/ff.o
 .text.st_dword
                0x0000000008007dfc       0x58 ./Middlewares/Third_Party/FatFs/src/ff.o
 .text.mem_set  0x0000000008007e54       0x36 ./Middlewares/Third_Party/FatFs/src/ff.o
 .text.mem_cmp  0x0000000008007e8a       0x4e ./Middlewares/Third_Party/FatFs/src/ff.o
 .text.chk_chr  0x0000000008007ed8       0x36 ./Middlewares/Third_Party/FatFs/src/ff.o
 *fill*         0x0000000008007f0e        0x2 
 .text.inc_lock
                0x0000000008007f10      0x11c ./Middlewares/Third_Party/FatFs/src/ff.o
 .text.dec_lock
                0x000000000800802c       0x78 ./Middlewares/Third_Party/FatFs/src/ff.o
 .text.clear_lock
                0x00000000080080a4       0x48 ./Middlewares/Third_Party/FatFs/src/ff.o
 .text.sync_window
                0x00000000080080ec       0x88 ./Middlewares/Third_Party/FatFs/src/ff.o
 .text.move_window
                0x0000000008008174       0x5a ./Middlewares/Third_Party/FatFs/src/ff.o
 .text.clust2sect
                0x00000000080081ce       0x3e ./Middlewares/Third_Party/FatFs/src/ff.o
 .text.get_fat  0x000000000800820c      0x1a8 ./Middlewares/Third_Party/FatFs/src/ff.o
 .text.put_fat  0x00000000080083b4      0x238 ./Middlewares/Third_Party/FatFs/src/ff.o
 .text.create_chain
                0x00000000080085ec      0x130 ./Middlewares/Third_Party/FatFs/src/ff.o
 .text.dir_sdi  0x000000000800871c      0x112 ./Middlewares/Third_Party/FatFs/src/ff.o
 .text.dir_next
                0x000000000800882e      0x1ac ./Middlewares/Third_Party/FatFs/src/ff.o
 .text.ld_clust
                0x00000000080089da       0x3e ./Middlewares/Third_Party/FatFs/src/ff.o
 .text.cmp_lfn  0x0000000008008a18       0xe0 ./Middlewares/Third_Party/FatFs/src/ff.o
 .text.pick_lfn
                0x0000000008008af8       0xc8 ./Middlewares/Third_Party/FatFs/src/ff.o
 .text.sum_sfn  0x0000000008008bc0       0x42 ./Middlewares/Third_Party/FatFs/src/ff.o
 .text.dir_read
                0x0000000008008c02      0x14e ./Middlewares/Third_Party/FatFs/src/ff.o
 .text.dir_find
                0x0000000008008d50      0x180 ./Middlewares/Third_Party/FatFs/src/ff.o
 .text.get_fileinfo
                0x0000000008008ed0      0x1ba ./Middlewares/Third_Party/FatFs/src/ff.o
 *fill*         0x000000000800908a        0x2 
 .text.create_name
                0x000000000800908c      0x370 ./Middlewares/Third_Party/FatFs/src/ff.o
 .text.follow_path
                0x00000000080093fc       0xec ./Middlewares/Third_Party/FatFs/src/ff.o
 .text.get_ldnumber
                0x00000000080094e8       0x88 ./Middlewares/Third_Party/FatFs/src/ff.o
 .text.check_fs
                0x0000000008009570       0xac ./Middlewares/Third_Party/FatFs/src/ff.o
 .text.find_volume
                0x000000000800961c      0x510 ./Middlewares/Third_Party/FatFs/src/ff.o
 .text.validate
                0x0000000008009b2c       0x6a ./Middlewares/Third_Party/FatFs/src/ff.o
 *fill*         0x0000000008009b96        0x2 
 .text.f_mount  0x0000000008009b98       0x8c ./Middlewares/Third_Party/FatFs/src/ff.o
                0x0000000008009b98                f_mount
 .text.f_opendir
                0x0000000008009c24       0xe6 ./Middlewares/Third_Party/FatFs/src/ff.o
                0x0000000008009c24                f_opendir
 .text.f_closedir
                0x0000000008009d0a       0x4c ./Middlewares/Third_Party/FatFs/src/ff.o
                0x0000000008009d0a                f_closedir
 .text.f_readdir
                0x0000000008009d56       0x7a ./Middlewares/Third_Party/FatFs/src/ff.o
                0x0000000008009d56                f_readdir
 .text.f_getfree
                0x0000000008009dd0      0x16a ./Middlewares/Third_Party/FatFs/src/ff.o
                0x0000000008009dd0                f_getfree
 *fill*         0x0000000008009f3a        0x2 
 .text.FATFS_LinkDriverEx
                0x0000000008009f3c       0x98 ./Middlewares/Third_Party/FatFs/src/ff_gen_drv.o
                0x0000000008009f3c                FATFS_LinkDriverEx
 .text.FATFS_LinkDriver
                0x0000000008009fd4       0x1e ./Middlewares/Third_Party/FatFs/src/ff_gen_drv.o
                0x0000000008009fd4                FATFS_LinkDriver
 *fill*         0x0000000008009ff2        0x2 
 .text.FATFS_UnLinkDriverEx
                0x0000000008009ff4       0x70 ./Middlewares/Third_Party/FatFs/src/ff_gen_drv.o
                0x0000000008009ff4                FATFS_UnLinkDriverEx
 .text.FATFS_UnLinkDriver
                0x000000000800a064       0x1a ./Middlewares/Third_Party/FatFs/src/ff_gen_drv.o
                0x000000000800a064                FATFS_UnLinkDriver
 *fill*         0x000000000800a07e        0x2 
 .text.ff_convert
                0x000000000800a080       0x78 ./Middlewares/Third_Party/FatFs/src/option/ccsbcs.o
                0x000000000800a080                ff_convert
 .text.ff_wtoupper
                0x000000000800a0f8      0x114 ./Middlewares/Third_Party/FatFs/src/option/ccsbcs.o
                0x000000000800a0f8                ff_wtoupper
 .text.MX_USB_DEVICE_Init
                0x000000000800a20c       0x60 ./USB_DEVICE/App/usb_device.o
                0x000000000800a20c                MX_USB_DEVICE_Init
 .text.CDC_Init_FS
                0x000000000800a26c       0x28 ./USB_DEVICE/App/usbd_cdc_if.o
 .text.CDC_DeInit_FS
                0x000000000800a294       0x10 ./USB_DEVICE/App/usbd_cdc_if.o
 .text.CDC_Control_FS
                0x000000000800a2a4       0xbc ./USB_DEVICE/App/usbd_cdc_if.o
 .text.CDC_Receive_FS
                0x000000000800a360       0x28 ./USB_DEVICE/App/usbd_cdc_if.o
 .text.CDC_TransmitCplt_FS
                0x000000000800a388       0x22 ./USB_DEVICE/App/usbd_cdc_if.o
 *fill*         0x000000000800a3aa        0x2 
 .text.USBD_FS_DeviceDescriptor
                0x000000000800a3ac       0x24 ./USB_DEVICE/App/usbd_desc.o
                0x000000000800a3ac                USBD_FS_DeviceDescriptor
 .text.USBD_FS_LangIDStrDescriptor
                0x000000000800a3d0       0x24 ./USB_DEVICE/App/usbd_desc.o
                0x000000000800a3d0                USBD_FS_LangIDStrDescriptor
 .text.USBD_FS_ProductStrDescriptor
                0x000000000800a3f4       0x3c ./USB_DEVICE/App/usbd_desc.o
                0x000000000800a3f4                USBD_FS_ProductStrDescriptor
 .text.USBD_FS_ManufacturerStrDescriptor
                0x000000000800a430       0x28 ./USB_DEVICE/App/usbd_desc.o
                0x000000000800a430                USBD_FS_ManufacturerStrDescriptor
 .text.USBD_FS_SerialStrDescriptor
                0x000000000800a458       0x24 ./USB_DEVICE/App/usbd_desc.o
                0x000000000800a458                USBD_FS_SerialStrDescriptor
 .text.USBD_FS_ConfigStrDescriptor
                0x000000000800a47c       0x3c ./USB_DEVICE/App/usbd_desc.o
                0x000000000800a47c                USBD_FS_ConfigStrDescriptor
 .text.USBD_FS_InterfaceStrDescriptor
                0x000000000800a4b8       0x3c ./USB_DEVICE/App/usbd_desc.o
                0x000000000800a4b8                USBD_FS_InterfaceStrDescriptor
 .text.Get_SerialNum
                0x000000000800a4f4       0x58 ./USB_DEVICE/App/usbd_desc.o
 .text.IntToUnicode
                0x000000000800a54c       0x7e ./USB_DEVICE/App/usbd_desc.o
 *fill*         0x000000000800a5ca        0x2 
 .text.HAL_PCD_MspInit
                0x000000000800a5cc       0xc4 ./USB_DEVICE/Target/usbd_conf.o
                0x000000000800a5cc                HAL_PCD_MspInit
 .text.HAL_PCD_SetupStageCallback
                0x000000000800a690       0x24 ./USB_DEVICE/Target/usbd_conf.o
                0x000000000800a690                HAL_PCD_SetupStageCallback
 .text.HAL_PCD_DataOutStageCallback
                0x000000000800a6b4       0x36 ./USB_DEVICE/Target/usbd_conf.o
                0x000000000800a6b4                HAL_PCD_DataOutStageCallback
 .text.HAL_PCD_DataInStageCallback
                0x000000000800a6ea       0x34 ./USB_DEVICE/Target/usbd_conf.o
                0x000000000800a6ea                HAL_PCD_DataInStageCallback
 .text.HAL_PCD_SOFCallback
                0x000000000800a71e       0x1c ./USB_DEVICE/Target/usbd_conf.o
                0x000000000800a71e                HAL_PCD_SOFCallback
 .text.HAL_PCD_ResetCallback
                0x000000000800a73a       0x50 ./USB_DEVICE/Target/usbd_conf.o
                0x000000000800a73a                HAL_PCD_ResetCallback
 *fill*         0x000000000800a78a        0x2 
 .text.HAL_PCD_SuspendCallback
                0x000000000800a78c       0x4c ./USB_DEVICE/Target/usbd_conf.o
                0x000000000800a78c                HAL_PCD_SuspendCallback
 .text.HAL_PCD_ResumeCallback
                0x000000000800a7d8       0x1c ./USB_DEVICE/Target/usbd_conf.o
                0x000000000800a7d8                HAL_PCD_ResumeCallback
 .text.HAL_PCD_ISOOUTIncompleteCallback
                0x000000000800a7f4       0x24 ./USB_DEVICE/Target/usbd_conf.o
                0x000000000800a7f4                HAL_PCD_ISOOUTIncompleteCallback
 .text.HAL_PCD_ISOINIncompleteCallback
                0x000000000800a818       0x24 ./USB_DEVICE/Target/usbd_conf.o
                0x000000000800a818                HAL_PCD_ISOINIncompleteCallback
 .text.HAL_PCD_ConnectCallback
                0x000000000800a83c       0x1c ./USB_DEVICE/Target/usbd_conf.o
                0x000000000800a83c                HAL_PCD_ConnectCallback
 .text.HAL_PCD_DisconnectCallback
                0x000000000800a858       0x1c ./USB_DEVICE/Target/usbd_conf.o
                0x000000000800a858                HAL_PCD_DisconnectCallback
 .text.USBD_LL_Init
                0x000000000800a874       0x98 ./USB_DEVICE/Target/usbd_conf.o
                0x000000000800a874                USBD_LL_Init
 .text.USBD_LL_Start
                0x000000000800a90c       0x36 ./USB_DEVICE/Target/usbd_conf.o
                0x000000000800a90c                USBD_LL_Start
 .text.USBD_LL_OpenEP
                0x000000000800a942       0x4c ./USB_DEVICE/Target/usbd_conf.o
                0x000000000800a942                USBD_LL_OpenEP
 .text.USBD_LL_CloseEP
                0x000000000800a98e       0x3e ./USB_DEVICE/Target/usbd_conf.o
                0x000000000800a98e                USBD_LL_CloseEP
 .text.USBD_LL_StallEP
                0x000000000800a9cc       0x3e ./USB_DEVICE/Target/usbd_conf.o
                0x000000000800a9cc                USBD_LL_StallEP
 .text.USBD_LL_ClearStallEP
                0x000000000800aa0a       0x3e ./USB_DEVICE/Target/usbd_conf.o
                0x000000000800aa0a                USBD_LL_ClearStallEP
 .text.USBD_LL_IsStallEP
                0x000000000800aa48       0x58 ./USB_DEVICE/Target/usbd_conf.o
                0x000000000800aa48                USBD_LL_IsStallEP
 .text.USBD_LL_SetUSBAddress
                0x000000000800aaa0       0x3e ./USB_DEVICE/Target/usbd_conf.o
                0x000000000800aaa0                USBD_LL_SetUSBAddress
 .text.USBD_LL_Transmit
                0x000000000800aade       0x42 ./USB_DEVICE/Target/usbd_conf.o
                0x000000000800aade                USBD_LL_Transmit
 .text.USBD_LL_PrepareReceive
                0x000000000800ab20       0x42 ./USB_DEVICE/Target/usbd_conf.o
                0x000000000800ab20                USBD_LL_PrepareReceive
 .text.USBD_LL_GetRxDataSize
                0x000000000800ab62       0x26 ./USB_DEVICE/Target/usbd_conf.o
                0x000000000800ab62                USBD_LL_GetRxDataSize
 .text.USBD_static_malloc
                0x000000000800ab88       0x1c ./USB_DEVICE/Target/usbd_conf.o
                0x000000000800ab88                USBD_static_malloc
 .text.USBD_static_free
                0x000000000800aba4       0x14 ./USB_DEVICE/Target/usbd_conf.o
                0x000000000800aba4                USBD_static_free
 .text.USBD_Get_USB_Status
                0x000000000800abb8       0x58 ./USB_DEVICE/Target/usbd_conf.o
                0x000000000800abb8                USBD_Get_USB_Status
 .text.__errno  0x000000000800ac10        0xc /home/odemki/Programs/programs/STM32IDE/1/en.en-st-stm32cubeide_1-5-0_8698_20201117_1050_amd64_sh/makeself_dir_5QpOGP/y/plugins/com.st.stm32cube.ide.mcu.externaltools.gnu-tools-for-stm32.9-2020-q2-update.linux64_2.0.0.202105311346/tools/bin/../lib/gcc/arm-none-eabi/9.3.1/../../../../arm-none-eabi/lib/thumb/v7e-m+fp/hard/libc_nano.a(lib_a-errno.o)
                0x000000000800ac10                __errno
 .text.__libc_init_array
                0x000000000800ac1c       0x48 /home/odemki/Programs/programs/STM32IDE/1/en.en-st-stm32cubeide_1-5-0_8698_20201117_1050_amd64_sh/makeself_dir_5QpOGP/y/plugins/com.st.stm32cube.ide.mcu.externaltools.gnu-tools-for-stm32.9-2020-q2-update.linux64_2.0.0.202105311346/tools/bin/../lib/gcc/arm-none-eabi/9.3.1/../../../../arm-none-eabi/lib/thumb/v7e-m+fp/hard/libc_nano.a(lib_a-init.o)
                0x000000000800ac1c                __libc_init_array
 .text.memset   0x000000000800ac64       0x10 /home/odemki/Programs/programs/STM32IDE/1/en.en-st-stm32cubeide_1-5-0_8698_20201117_1050_amd64_sh/makeself_dir_5QpOGP/y/plugins/com.st.stm32cube.ide.mcu.externaltools.gnu-tools-for-stm32.9-2020-q2-update.linux64_2.0.0.202105311346/tools/bin/../lib/gcc/arm-none-eabi/9.3.1/../../../../arm-none-eabi/lib/thumb/v7e-m+fp/hard/libc_nano.a(lib_a-memset.o)
                0x000000000800ac64                memset
 .text.sprintf  0x000000000800ac74       0x40 /home/odemki/Programs/programs/STM32IDE/1/en.en-st-stm32cubeide_1-5-0_8698_20201117_1050_amd64_sh/makeself_dir_5QpOGP/y/plugins/com.st.stm32cube.ide.mcu.externaltools.gnu-tools-for-stm32.9-2020-q2-update.linux64_2.0.0.202105311346/tools/bin/../lib/gcc/arm-none-eabi/9.3.1/../../../../arm-none-eabi/lib/thumb/v7e-m+fp/hard/libc_nano.a(lib_a-sprintf.o)
                0x000000000800ac74                sprintf
                0x000000000800ac74                siprintf
 .text.strcpy   0x000000000800acb4       0x10 /home/odemki/Programs/programs/STM32IDE/1/en.en-st-stm32cubeide_1-5-0_8698_20201117_1050_amd64_sh/makeself_dir_5QpOGP/y/plugins/com.st.stm32cube.ide.mcu.externaltools.gnu-tools-for-stm32.9-2020-q2-update.linux64_2.0.0.202105311346/tools/bin/../lib/gcc/arm-none-eabi/9.3.1/../../../../arm-none-eabi/lib/thumb/v7e-m+fp/hard/libc_nano.a(lib_a-strcpy.o)
                0x000000000800acb4                strcpy
 .text.__ssputs_r
                0x000000000800acc4       0xb6 /home/odemki/Programs/programs/STM32IDE/1/en.en-st-stm32cubeide_1-5-0_8698_20201117_1050_amd64_sh/makeself_dir_5QpOGP/y/plugins/com.st.stm32cube.ide.mcu.externaltools.gnu-tools-for-stm32.9-2020-q2-update.linux64_2.0.0.202105311346/tools/bin/../lib/gcc/arm-none-eabi/9.3.1/../../../../arm-none-eabi/lib/thumb/v7e-m+fp/hard/libc_nano.a(lib_a-nano-svfprintf.o)
                0x000000000800acc4                __ssputs_r
 *fill*         0x000000000800ad7a        0x2 
 .text._svfprintf_r
                0x000000000800ad7c      0x200 /home/odemki/Programs/programs/STM32IDE/1/en.en-st-stm32cubeide_1-5-0_8698_20201117_1050_amd64_sh/makeself_dir_5QpOGP/y/plugins/com.st.stm32cube.ide.mcu.externaltools.gnu-tools-for-stm32.9-2020-q2-update.linux64_2.0.0.202105311346/tools/bin/../lib/gcc/arm-none-eabi/9.3.1/../../../../arm-none-eabi/lib/thumb/v7e-m+fp/hard/libc_nano.a(lib_a-nano-svfprintf.o)
                0x000000000800ad7c                _svfprintf_r
                0x000000000800ad7c                _svfiprintf_r
 .text._printf_common
                0x000000000800af7c       0xda /home/odemki/Programs/programs/STM32IDE/1/en.en-st-stm32cubeide_1-5-0_8698_20201117_1050_amd64_sh/makeself_dir_5QpOGP/y/plugins/com.st.stm32cube.ide.mcu.externaltools.gnu-tools-for-stm32.9-2020-q2-update.linux64_2.0.0.202105311346/tools/bin/../lib/gcc/arm-none-eabi/9.3.1/../../../../arm-none-eabi/lib/thumb/v7e-m+fp/hard/libc_nano.a(lib_a-nano-vfprintf_i.o)
                0x000000000800af7c                _printf_common
 *fill*         0x000000000800b056        0x2 
 .text._printf_i
                0x000000000800b058      0x24c /home/odemki/Programs/programs/STM32IDE/1/en.en-st-stm32cubeide_1-5-0_8698_20201117_1050_amd64_sh/makeself_dir_5QpOGP/y/plugins/com.st.stm32cube.ide.mcu.externaltools.gnu-tools-for-stm32.9-2020-q2-update.linux64_2.0.0.202105311346/tools/bin/../lib/gcc/arm-none-eabi/9.3.1/../../../../arm-none-eabi/lib/thumb/v7e-m+fp/hard/libc_nano.a(lib_a-nano-vfprintf_i.o)
                0x000000000800b058                _printf_i
 .text.memcpy   0x000000000800b2a4       0x1c /home/odemki/Programs/programs/STM32IDE/1/en.en-st-stm32cubeide_1-5-0_8698_20201117_1050_amd64_sh/makeself_dir_5QpOGP/y/plugins/com.st.stm32cube.ide.mcu.externaltools.gnu-tools-for-stm32.9-2020-q2-update.linux64_2.0.0.202105311346/tools/bin/../lib/gcc/arm-none-eabi/9.3.1/../../../../arm-none-eabi/lib/thumb/v7e-m+fp/hard/libc_nano.a(lib_a-memcpy-stub.o)
                0x000000000800b2a4                memcpy
 .text.memmove  0x000000000800b2c0       0x34 /home/odemki/Programs/programs/STM32IDE/1/en.en-st-stm32cubeide_1-5-0_8698_20201117_1050_amd64_sh/makeself_dir_5QpOGP/y/plugins/com.st.stm32cube.ide.mcu.externaltools.gnu-tools-for-stm32.9-2020-q2-update.linux64_2.0.0.202105311346/tools/bin/../lib/gcc/arm-none-eabi/9.3.1/../../../../arm-none-eabi/lib/thumb/v7e-m+fp/hard/libc_nano.a(lib_a-memmove.o)
                0x000000000800b2c0                memmove
 .text._free_r  0x000000000800b2f4       0xa0 /home/odemki/Programs/programs/STM32IDE/1/en.en-st-stm32cubeide_1-5-0_8698_20201117_1050_amd64_sh/makeself_dir_5QpOGP/y/plugins/com.st.stm32cube.ide.mcu.externaltools.gnu-tools-for-stm32.9-2020-q2-update.linux64_2.0.0.202105311346/tools/bin/../lib/gcc/arm-none-eabi/9.3.1/../../../../arm-none-eabi/lib/thumb/v7e-m+fp/hard/libc_nano.a(lib_a-nano-freer.o)
                0x000000000800b2f4                _free_r
 .text._malloc_r
                0x000000000800b394       0xb4 /home/odemki/Programs/programs/STM32IDE/1/en.en-st-stm32cubeide_1-5-0_8698_20201117_1050_amd64_sh/makeself_dir_5QpOGP/y/plugins/com.st.stm32cube.ide.mcu.externaltools.gnu-tools-for-stm32.9-2020-q2-update.linux64_2.0.0.202105311346/tools/bin/../lib/gcc/arm-none-eabi/9.3.1/../../../../arm-none-eabi/lib/thumb/v7e-m+fp/hard/libc_nano.a(lib_a-nano-mallocr.o)
                0x000000000800b394                _malloc_r
 .text._realloc_r
                0x000000000800b448       0x4c /home/odemki/Programs/programs/STM32IDE/1/en.en-st-stm32cubeide_1-5-0_8698_20201117_1050_amd64_sh/makeself_dir_5QpOGP/y/plugins/com.st.stm32cube.ide.mcu.externaltools.gnu-tools-for-stm32.9-2020-q2-update.linux64_2.0.0.202105311346/tools/bin/../lib/gcc/arm-none-eabi/9.3.1/../../../../arm-none-eabi/lib/thumb/v7e-m+fp/hard/libc_nano.a(lib_a-nano-reallocr.o)
                0x000000000800b448                _realloc_r
 .text._sbrk_r  0x000000000800b494       0x20 /home/odemki/Programs/programs/STM32IDE/1/en.en-st-stm32cubeide_1-5-0_8698_20201117_1050_amd64_sh/makeself_dir_5QpOGP/y/plugins/com.st.stm32cube.ide.mcu.externaltools.gnu-tools-for-stm32.9-2020-q2-update.linux64_2.0.0.202105311346/tools/bin/../lib/gcc/arm-none-eabi/9.3.1/../../../../arm-none-eabi/lib/thumb/v7e-m+fp/hard/libc_nano.a(lib_a-sbrkr.o)
                0x000000000800b494                _sbrk_r
 .text.__malloc_lock
                0x000000000800b4b4        0xc /home/odemki/Programs/programs/STM32IDE/1/en.en-st-stm32cubeide_1-5-0_8698_20201117_1050_amd64_sh/makeself_dir_5QpOGP/y/plugins/com.st.stm32cube.ide.mcu.externaltools.gnu-tools-for-stm32.9-2020-q2-update.linux64_2.0.0.202105311346/tools/bin/../lib/gcc/arm-none-eabi/9.3.1/../../../../arm-none-eabi/lib/thumb/v7e-m+fp/hard/libc_nano.a(lib_a-mlock.o)
                0x000000000800b4b4                __malloc_lock
 .text.__malloc_unlock
                0x000000000800b4c0        0xc /home/odemki/Programs/programs/STM32IDE/1/en.en-st-stm32cubeide_1-5-0_8698_20201117_1050_amd64_sh/makeself_dir_5QpOGP/y/plugins/com.st.stm32cube.ide.mcu.externaltools.gnu-tools-for-stm32.9-2020-q2-update.linux64_2.0.0.202105311346/tools/bin/../lib/gcc/arm-none-eabi/9.3.1/../../../../arm-none-eabi/lib/thumb/v7e-m+fp/hard/libc_nano.a(lib_a-mlock.o)
                0x000000000800b4c0                __malloc_unlock
 .text._malloc_usable_size_r
                0x000000000800b4cc       0x10 /home/odemki/Programs/programs/STM32IDE/1/en.en-st-stm32cubeide_1-5-0_8698_20201117_1050_amd64_sh/makeself_dir_5QpOGP/y/plugins/com.st.stm32cube.ide.mcu.externaltools.gnu-tools-for-stm32.9-2020-q2-update.linux64_2.0.0.202105311346/tools/bin/../lib/gcc/arm-none-eabi/9.3.1/../../../../arm-none-eabi/lib/thumb/v7e-m+fp/hard/libc_nano.a(lib_a-nano-msizer.o)
                0x000000000800b4cc                _malloc_usable_size_r
 .text.__retarget_lock_acquire_recursive
                0x000000000800b4dc        0x2 /home/odemki/Programs/programs/STM32IDE/1/en.en-st-stm32cubeide_1-5-0_8698_20201117_1050_amd64_sh/makeself_dir_5QpOGP/y/plugins/com.st.stm32cube.ide.mcu.externaltools.gnu-tools-for-stm32.9-2020-q2-update.linux64_2.0.0.202105311346/tools/bin/../lib/gcc/arm-none-eabi/9.3.1/../../../../arm-none-eabi/lib/thumb/v7e-m+fp/hard/libc_nano.a(lib_a-lock.o)
                0x000000000800b4dc                __retarget_lock_acquire_recursive
 .text.__retarget_lock_release_recursive
                0x000000000800b4de        0x2 /home/odemki/Programs/programs/STM32IDE/1/en.en-st-stm32cubeide_1-5-0_8698_20201117_1050_amd64_sh/makeself_dir_5QpOGP/y/plugins/com.st.stm32cube.ide.mcu.externaltools.gnu-tools-for-stm32.9-2020-q2-update.linux64_2.0.0.202105311346/tools/bin/../lib/gcc/arm-none-eabi/9.3.1/../../../../arm-none-eabi/lib/thumb/v7e-m+fp/hard/libc_nano.a(lib_a-lock.o)
                0x000000000800b4de                __retarget_lock_release_recursive
 *(.glue_7)
 .glue_7        0x000000000800b4e0        0x0 linker stubs
 *(.glue_7t)
 .glue_7t       0x000000000800b4e0        0x0 linker stubs
 *(.eh_frame)
 .eh_frame      0x000000000800b4e0        0x0 /home/odemki/Programs/programs/STM32IDE/1/en.en-st-stm32cubeide_1-5-0_8698_20201117_1050_amd64_sh/makeself_dir_5QpOGP/y/plugins/com.st.stm32cube.ide.mcu.externaltools.gnu-tools-for-stm32.9-2020-q2-update.linux64_2.0.0.202105311346/tools/bin/../lib/gcc/arm-none-eabi/9.3.1/thumb/v7e-m+fp/hard/crtbegin.o
 *(.init)
 .init          0x000000000800b4e0        0x4 /home/odemki/Programs/programs/STM32IDE/1/en.en-st-stm32cubeide_1-5-0_8698_20201117_1050_amd64_sh/makeself_dir_5QpOGP/y/plugins/com.st.stm32cube.ide.mcu.externaltools.gnu-tools-for-stm32.9-2020-q2-update.linux64_2.0.0.202105311346/tools/bin/../lib/gcc/arm-none-eabi/9.3.1/thumb/v7e-m+fp/hard/crti.o
                0x000000000800b4e0                _init
 .init          0x000000000800b4e4        0x8 /home/odemki/Programs/programs/STM32IDE/1/en.en-st-stm32cubeide_1-5-0_8698_20201117_1050_amd64_sh/makeself_dir_5QpOGP/y/plugins/com.st.stm32cube.ide.mcu.externaltools.gnu-tools-for-stm32.9-2020-q2-update.linux64_2.0.0.202105311346/tools/bin/../lib/gcc/arm-none-eabi/9.3.1/thumb/v7e-m+fp/hard/crtn.o
 *(.fini)
 .fini          0x000000000800b4ec        0x4 /home/odemki/Programs/programs/STM32IDE/1/en.en-st-stm32cubeide_1-5-0_8698_20201117_1050_amd64_sh/makeself_dir_5QpOGP/y/plugins/com.st.stm32cube.ide.mcu.externaltools.gnu-tools-for-stm32.9-2020-q2-update.linux64_2.0.0.202105311346/tools/bin/../lib/gcc/arm-none-eabi/9.3.1/thumb/v7e-m+fp/hard/crti.o
                0x000000000800b4ec                _fini
 .fini          0x000000000800b4f0        0x8 /home/odemki/Programs/programs/STM32IDE/1/en.en-st-stm32cubeide_1-5-0_8698_20201117_1050_amd64_sh/makeself_dir_5QpOGP/y/plugins/com.st.stm32cube.ide.mcu.externaltools.gnu-tools-for-stm32.9-2020-q2-update.linux64_2.0.0.202105311346/tools/bin/../lib/gcc/arm-none-eabi/9.3.1/thumb/v7e-m+fp/hard/crtn.o
                0x000000000800b4f8                . = ALIGN (0x4)
                0x000000000800b4f8                _etext = .

.vfp11_veneer   0x000000000800b4f8        0x0
 .vfp11_veneer  0x000000000800b4f8        0x0 linker stubs

.v4_bx          0x000000000800b4f8        0x0
 .v4_bx         0x000000000800b4f8        0x0 linker stubs

.iplt           0x000000000800b4f8        0x0
 .iplt          0x000000000800b4f8        0x0 /home/odemki/Programs/programs/STM32IDE/1/en.en-st-stm32cubeide_1-5-0_8698_20201117_1050_amd64_sh/makeself_dir_5QpOGP/y/plugins/com.st.stm32cube.ide.mcu.externaltools.gnu-tools-for-stm32.9-2020-q2-update.linux64_2.0.0.202105311346/tools/bin/../lib/gcc/arm-none-eabi/9.3.1/thumb/v7e-m+fp/hard/crtbegin.o

.rodata         0x000000000800b4f8      0x5ec
                0x000000000800b4f8                . = ALIGN (0x4)
 *(.rodata)
 .rodata        0x000000000800b4f8       0x97 ./Core/Src/main.o
 *fill*         0x000000000800b58f        0x1 
 .rodata        0x000000000800b590       0x36 ./Core/Src/sd.o
 *fill*         0x000000000800b5c6        0x2 
 .rodata        0x000000000800b5c8       0x48 ./Middlewares/Third_Party/FatFs/src/ff.o
 .rodata        0x000000000800b610       0x46 ./USB_DEVICE/App/usbd_desc.o
 *(.rodata*)
 *fill*         0x000000000800b656        0x2 
 .rodata.AHBPrescTable
                0x000000000800b658       0x10 ./Core/Src/system_stm32f4xx.o
                0x000000000800b658                AHBPrescTable
 .rodata.APBPrescTable
                0x000000000800b668        0x8 ./Core/Src/system_stm32f4xx.o
                0x000000000800b668                APBPrescTable
 .rodata.ExCvt  0x000000000800b670       0x80 ./Middlewares/Third_Party/FatFs/src/ff.o
 .rodata.LfnOfs
                0x000000000800b6f0        0xd ./Middlewares/Third_Party/FatFs/src/ff.o
 *fill*         0x000000000800b6fd        0x3 
 .rodata.Tbl    0x000000000800b700      0x100 ./Middlewares/Third_Party/FatFs/src/option/ccsbcs.o
 .rodata.cvt1.9613
                0x000000000800b800      0x1f2 ./Middlewares/Third_Party/FatFs/src/option/ccsbcs.o
 *fill*         0x000000000800b9f2        0x2 
 .rodata.cvt2.9614
                0x000000000800b9f4       0xbc ./Middlewares/Third_Party/FatFs/src/option/ccsbcs.o
 .rodata._svfprintf_r.str1.1
                0x000000000800bab0       0x11 /home/odemki/Programs/programs/STM32IDE/1/en.en-st-stm32cubeide_1-5-0_8698_20201117_1050_amd64_sh/makeself_dir_5QpOGP/y/plugins/com.st.stm32cube.ide.mcu.externaltools.gnu-tools-for-stm32.9-2020-q2-update.linux64_2.0.0.202105311346/tools/bin/../lib/gcc/arm-none-eabi/9.3.1/../../../../arm-none-eabi/lib/thumb/v7e-m+fp/hard/libc_nano.a(lib_a-nano-svfprintf.o)
 .rodata._printf_i.str1.1
                0x000000000800bac1       0x22 /home/odemki/Programs/programs/STM32IDE/1/en.en-st-stm32cubeide_1-5-0_8698_20201117_1050_amd64_sh/makeself_dir_5QpOGP/y/plugins/com.st.stm32cube.ide.mcu.externaltools.gnu-tools-for-stm32.9-2020-q2-update.linux64_2.0.0.202105311346/tools/bin/../lib/gcc/arm-none-eabi/9.3.1/../../../../arm-none-eabi/lib/thumb/v7e-m+fp/hard/libc_nano.a(lib_a-nano-vfprintf_i.o)
                0x000000000800bae4                . = ALIGN (0x4)
 *fill*         0x000000000800bae3        0x1 

.ARM.extab      0x000000000800bae4        0x0
                0x000000000800bae4                . = ALIGN (0x4)
 *(.ARM.extab* .gnu.linkonce.armextab.*)
                0x000000000800bae4                . = ALIGN (0x4)

.ARM            0x000000000800bae4        0x8
                0x000000000800bae4                . = ALIGN (0x4)
                0x000000000800bae4                __exidx_start = .
 *(.ARM.exidx*)
 .ARM.exidx     0x000000000800bae4        0x8 /home/odemki/Programs/programs/STM32IDE/1/en.en-st-stm32cubeide_1-5-0_8698_20201117_1050_amd64_sh/makeself_dir_5QpOGP/y/plugins/com.st.stm32cube.ide.mcu.externaltools.gnu-tools-for-stm32.9-2020-q2-update.linux64_2.0.0.202105311346/tools/bin/../lib/gcc/arm-none-eabi/9.3.1/thumb/v7e-m+fp/hard/libgcc.a(_udivmoddi4.o)
                0x000000000800baec                __exidx_end = .
                0x000000000800baec                . = ALIGN (0x4)

.rel.dyn        0x000000000800baec        0x0
 .rel.iplt      0x000000000800baec        0x0 /home/odemki/Programs/programs/STM32IDE/1/en.en-st-stm32cubeide_1-5-0_8698_20201117_1050_amd64_sh/makeself_dir_5QpOGP/y/plugins/com.st.stm32cube.ide.mcu.externaltools.gnu-tools-for-stm32.9-2020-q2-update.linux64_2.0.0.202105311346/tools/bin/../lib/gcc/arm-none-eabi/9.3.1/thumb/v7e-m+fp/hard/crtbegin.o

.preinit_array  0x000000000800baec        0x0
                0x000000000800baec                . = ALIGN (0x4)
                0x000000000800baec                PROVIDE (__preinit_array_start = .)
 *(.preinit_array*)
                0x000000000800baec                PROVIDE (__preinit_array_end = .)
                0x000000000800baec                . = ALIGN (0x4)

.init_array     0x000000000800baec        0x4
                0x000000000800baec                . = ALIGN (0x4)
                0x000000000800baec                PROVIDE (__init_array_start = .)
 *(SORT_BY_NAME(.init_array.*))
 *(.init_array*)
 .init_array    0x000000000800baec        0x4 /home/odemki/Programs/programs/STM32IDE/1/en.en-st-stm32cubeide_1-5-0_8698_20201117_1050_amd64_sh/makeself_dir_5QpOGP/y/plugins/com.st.stm32cube.ide.mcu.externaltools.gnu-tools-for-stm32.9-2020-q2-update.linux64_2.0.0.202105311346/tools/bin/../lib/gcc/arm-none-eabi/9.3.1/thumb/v7e-m+fp/hard/crtbegin.o
                0x000000000800baf0                PROVIDE (__init_array_end = .)
                0x000000000800baf0                . = ALIGN (0x4)

.fini_array     0x000000000800baf0        0x4
                0x000000000800baf0                . = ALIGN (0x4)
                [!provide]                        PROVIDE (__fini_array_start = .)
 *(SORT_BY_NAME(.fini_array.*))
 *(.fini_array*)
 .fini_array    0x000000000800baf0        0x4 /home/odemki/Programs/programs/STM32IDE/1/en.en-st-stm32cubeide_1-5-0_8698_20201117_1050_amd64_sh/makeself_dir_5QpOGP/y/plugins/com.st.stm32cube.ide.mcu.externaltools.gnu-tools-for-stm32.9-2020-q2-update.linux64_2.0.0.202105311346/tools/bin/../lib/gcc/arm-none-eabi/9.3.1/thumb/v7e-m+fp/hard/crtbegin.o
                [!provide]                        PROVIDE (__fini_array_end = .)
                0x000000000800baf4                . = ALIGN (0x4)
                0x000000000800baf4                _sidata = LOADADDR (.data)

.data           0x0000000020000000      0x1f8 load address 0x000000000800baf4
                0x0000000020000000                . = ALIGN (0x4)
                0x0000000020000000                _sdata = .
 *(.data)
 *(.data*)
 .data.SystemCoreClock
                0x0000000020000000        0x4 ./Core/Src/system_stm32f4xx.o
                0x0000000020000000                SystemCoreClock
 .data.uwTickPrio
                0x0000000020000004        0x4 ./Drivers/STM32F4xx_HAL_Driver/Src/stm32f4xx_hal.o
                0x0000000020000004                uwTickPrio
 .data.uwTickFreq
                0x0000000020000008        0x1 ./Drivers/STM32F4xx_HAL_Driver/Src/stm32f4xx_hal.o
                0x0000000020000008                uwTickFreq
 .data.Stat     0x0000000020000009        0x1 ./FATFS/Target/user_diskio.o
 *fill*         0x000000002000000a        0x2 
 .data.USER_Driver
                0x000000002000000c       0x14 ./FATFS/Target/user_diskio.o
                0x000000002000000c                USER_Driver
 .data.USBD_CDC_DeviceQualifierDesc
                0x0000000020000020        0xa ./Middlewares/ST/STM32_USB_Device_Library/Class/CDC/Src/usbd_cdc.o
 *fill*         0x000000002000002a        0x2 
 .data.USBD_CDC
                0x000000002000002c       0x38 ./Middlewares/ST/STM32_USB_Device_Library/Class/CDC/Src/usbd_cdc.o
                0x000000002000002c                USBD_CDC
 .data.USBD_CDC_CfgHSDesc
                0x0000000020000064       0x43 ./Middlewares/ST/STM32_USB_Device_Library/Class/CDC/Src/usbd_cdc.o
 *fill*         0x00000000200000a7        0x1 
 .data.USBD_CDC_CfgFSDesc
                0x00000000200000a8       0x43 ./Middlewares/ST/STM32_USB_Device_Library/Class/CDC/Src/usbd_cdc.o
 *fill*         0x00000000200000eb        0x1 
 .data.USBD_CDC_OtherSpeedCfgDesc
                0x00000000200000ec       0x43 ./Middlewares/ST/STM32_USB_Device_Library/Class/CDC/Src/usbd_cdc.o
 *fill*         0x000000002000012f        0x1 
 .data.USBD_Interface_fops_FS
                0x0000000020000130       0x14 ./USB_DEVICE/App/usbd_cdc_if.o
                0x0000000020000130                USBD_Interface_fops_FS
 .data.FS_Desc  0x0000000020000144       0x1c ./USB_DEVICE/App/usbd_desc.o
                0x0000000020000144                FS_Desc
 .data.USBD_FS_DeviceDesc
                0x0000000020000160       0x12 ./USB_DEVICE/App/usbd_desc.o
                0x0000000020000160                USBD_FS_DeviceDesc
 *fill*         0x0000000020000172        0x2 
 .data.USBD_LangIDDesc
                0x0000000020000174        0x4 ./USB_DEVICE/App/usbd_desc.o
                0x0000000020000174                USBD_LangIDDesc
 .data.USBD_StringSerial
                0x0000000020000178       0x1a ./USB_DEVICE/App/usbd_desc.o
                0x0000000020000178                USBD_StringSerial
 *fill*         0x0000000020000192        0x2 
 .data._impure_ptr
                0x0000000020000194        0x4 /home/odemki/Programs/programs/STM32IDE/1/en.en-st-stm32cubeide_1-5-0_8698_20201117_1050_amd64_sh/makeself_dir_5QpOGP/y/plugins/com.st.stm32cube.ide.mcu.externaltools.gnu-tools-for-stm32.9-2020-q2-update.linux64_2.0.0.202105311346/tools/bin/../lib/gcc/arm-none-eabi/9.3.1/../../../../arm-none-eabi/lib/thumb/v7e-m+fp/hard/libc_nano.a(lib_a-impure.o)
                0x0000000020000194                _impure_ptr
 .data.impure_data
                0x0000000020000198       0x60 /home/odemki/Programs/programs/STM32IDE/1/en.en-st-stm32cubeide_1-5-0_8698_20201117_1050_amd64_sh/makeself_dir_5QpOGP/y/plugins/com.st.stm32cube.ide.mcu.externaltools.gnu-tools-for-stm32.9-2020-q2-update.linux64_2.0.0.202105311346/tools/bin/../lib/gcc/arm-none-eabi/9.3.1/../../../../arm-none-eabi/lib/thumb/v7e-m+fp/hard/libc_nano.a(lib_a-impure.o)
 *(.RamFunc)
 *(.RamFunc*)
                0x00000000200001f8                . = ALIGN (0x4)
                0x00000000200001f8                _edata = .
                0x000000000800bcec                _siccmram = LOADADDR (.ccmram)

.igot.plt       0x00000000200001f8        0x0 load address 0x000000000800bcec
 .igot.plt      0x00000000200001f8        0x0 /home/odemki/Programs/programs/STM32IDE/1/en.en-st-stm32cubeide_1-5-0_8698_20201117_1050_amd64_sh/makeself_dir_5QpOGP/y/plugins/com.st.stm32cube.ide.mcu.externaltools.gnu-tools-for-stm32.9-2020-q2-update.linux64_2.0.0.202105311346/tools/bin/../lib/gcc/arm-none-eabi/9.3.1/thumb/v7e-m+fp/hard/crtbegin.o

.ccmram         0x0000000010000000        0x0 load address 0x000000000800bcec
                0x0000000010000000                . = ALIGN (0x4)
                0x0000000010000000                _sccmram = .
 *(.ccmram)
 *(.ccmram*)
                0x0000000010000000                . = ALIGN (0x4)
                0x0000000010000000                _eccmram = .
                0x0000000010000000                . = ALIGN (0x4)

.bss            0x00000000200001f8     0x621c
                0x00000000200001f8                _sbss = .
                0x00000000200001f8                __bss_start__ = _sbss
 *(.bss)
 .bss           0x00000000200001f8       0x1c /home/odemki/Programs/programs/STM32IDE/1/en.en-st-stm32cubeide_1-5-0_8698_20201117_1050_amd64_sh/makeself_dir_5QpOGP/y/plugins/com.st.stm32cube.ide.mcu.externaltools.gnu-tools-for-stm32.9-2020-q2-update.linux64_2.0.0.202105311346/tools/bin/../lib/gcc/arm-none-eabi/9.3.1/thumb/v7e-m+fp/hard/crtbegin.o
 *(.bss*)
 .bss.Timer1    0x0000000020000214        0x2 ./Core/Src/main.o
                0x0000000020000214                Timer1
 *fill*         0x0000000020000216        0x2 
 .bss.sect      0x0000000020000218      0x200 ./Core/Src/main.o
                0x0000000020000218                sect
 .bss.str1      0x0000000020000418       0x3c ./Core/Src/sd.o
                0x0000000020000418                str1
 .bss.__sbrk_heap_end
                0x0000000020000454        0x4 ./Core/Src/sysmem.o
 .bss.cfgidx.10816
                0x0000000020000458        0x1 ./Middlewares/ST/STM32_USB_Device_Library/Core/Src/usbd_ctlreq.o
 *fill*         0x0000000020000459        0x3 
 .bss.FatFs     0x000000002000045c        0x4 ./Middlewares/Third_Party/FatFs/src/ff.o
 .bss.Fsid      0x0000000020000460        0x2 ./Middlewares/Third_Party/FatFs/src/ff.o
 *fill*         0x0000000020000462        0x2 
 .bss.Files     0x0000000020000464       0x20 ./Middlewares/Third_Party/FatFs/src/ff.o
 .bss.LfnBuf    0x0000000020000484      0x200 ./Middlewares/Third_Party/FatFs/src/ff.o
 .bss.disk      0x0000000020000684        0xc ./Middlewares/Third_Party/FatFs/src/ff_gen_drv.o
                0x0000000020000684                disk
 .bss.mem.10885
                0x0000000020000690      0x220 ./USB_DEVICE/Target/usbd_conf.o
 .bss.__malloc_free_list
                0x00000000200008b0        0x4 /home/odemki/Programs/programs/STM32IDE/1/en.en-st-stm32cubeide_1-5-0_8698_20201117_1050_amd64_sh/makeself_dir_5QpOGP/y/plugins/com.st.stm32cube.ide.mcu.externaltools.gnu-tools-for-stm32.9-2020-q2-update.linux64_2.0.0.202105311346/tools/bin/../lib/gcc/arm-none-eabi/9.3.1/../../../../arm-none-eabi/lib/thumb/v7e-m+fp/hard/libc_nano.a(lib_a-nano-mallocr.o)
                0x00000000200008b0                __malloc_free_list
 .bss.__malloc_sbrk_start
                0x00000000200008b4        0x4 /home/odemki/Programs/programs/STM32IDE/1/en.en-st-stm32cubeide_1-5-0_8698_20201117_1050_amd64_sh/makeself_dir_5QpOGP/y/plugins/com.st.stm32cube.ide.mcu.externaltools.gnu-tools-for-stm32.9-2020-q2-update.linux64_2.0.0.202105311346/tools/bin/../lib/gcc/arm-none-eabi/9.3.1/../../../../arm-none-eabi/lib/thumb/v7e-m+fp/hard/libc_nano.a(lib_a-nano-mallocr.o)
                0x00000000200008b4                __malloc_sbrk_start
 *(COMMON)
 COMMON         0x00000000200008b8     0x21fc ./Core/Src/main.o
                0x00000000200008b8                fs
                0x00000000200008bc                byteswritten
                0x00000000200008c0                hi2c1
                0x0000000020000914                htim10
                0x000000002000095c                bytesread
                0x0000000020000960                htim3
                0x00000000200009a8                SDFatFs
                0x00000000200019e0                MyFile
                0x0000000020002a10                result
                0x0000000020002a14                hspi1
                0x0000000020002a6c                htim2
 COMMON         0x0000000020002ab4        0x1 ./Core/Src/sd.o
                0x0000000020002ab4                sdinfo
 *fill*         0x0000000020002ab5        0x3 
 COMMON         0x0000000020002ab8        0x4 ./Drivers/STM32F4xx_HAL_Driver/Src/stm32f4xx_hal.o
                0x0000000020002ab8                uwTick
 COMMON         0x0000000020002abc     0x2070 ./FATFS/App/fatfs.o
                0x0000000020002abc                USERPath
                0x0000000020002ac0                retUSER
                0x0000000020002ac4                USERFile
                0x0000000020003af4                USERFatFS
 COMMON         0x0000000020004b2c      0x2d0 ./USB_DEVICE/App/usb_device.o
                0x0000000020004b2c                hUsbDeviceFS
 COMMON         0x0000000020004dfc     0x1000 ./USB_DEVICE/App/usbd_cdc_if.o
                0x0000000020004dfc                UserRxBufferFS
                0x00000000200055fc                UserTxBufferFS
 COMMON         0x0000000020005dfc      0x200 ./USB_DEVICE/App/usbd_desc.o
                0x0000000020005dfc                USBD_StrDesc
 COMMON         0x0000000020005ffc      0x408 ./USB_DEVICE/Target/usbd_conf.o
                0x0000000020005ffc                hpcd_USB_OTG_FS
 COMMON         0x0000000020006404        0x4 /home/odemki/Programs/programs/STM32IDE/1/en.en-st-stm32cubeide_1-5-0_8698_20201117_1050_amd64_sh/makeself_dir_5QpOGP/y/plugins/com.st.stm32cube.ide.mcu.externaltools.gnu-tools-for-stm32.9-2020-q2-update.linux64_2.0.0.202105311346/tools/bin/../lib/gcc/arm-none-eabi/9.3.1/../../../../arm-none-eabi/lib/thumb/v7e-m+fp/hard/libc_nano.a(lib_a-reent.o)
                0x0000000020006404                errno
 COMMON         0x0000000020006408        0x9 /home/odemki/Programs/programs/STM32IDE/1/en.en-st-stm32cubeide_1-5-0_8698_20201117_1050_amd64_sh/makeself_dir_5QpOGP/y/plugins/com.st.stm32cube.ide.mcu.externaltools.gnu-tools-for-stm32.9-2020-q2-update.linux64_2.0.0.202105311346/tools/bin/../lib/gcc/arm-none-eabi/9.3.1/../../../../arm-none-eabi/lib/thumb/v7e-m+fp/hard/libc_nano.a(lib_a-lock.o)
                0x0000000020006408                __lock___atexit_recursive_mutex
                0x0000000020006409                __lock___arc4random_mutex
                0x000000002000640a                __lock___env_recursive_mutex
                0x000000002000640b                __lock___sinit_recursive_mutex
                0x000000002000640c                __lock___malloc_recursive_mutex
                0x000000002000640d                __lock___at_quick_exit_mutex
                0x000000002000640e                __lock___dd_hash_mutex
                0x000000002000640f                __lock___tz_mutex
                0x0000000020006410                __lock___sfp_recursive_mutex
                0x0000000020006414                . = ALIGN (0x4)
 *fill*         0x0000000020006411        0x3 
                0x0000000020006414                _ebss = .
                0x0000000020006414                __bss_end__ = _ebss

._user_heap_stack
                0x0000000020006414      0x604
                0x0000000020006418                . = ALIGN (0x8)
 *fill*         0x0000000020006414        0x4 
                [!provide]                        PROVIDE (end = .)
                0x0000000020006418                PROVIDE (_end = .)
                0x0000000020006618                . = (. + _Min_Heap_Size)
 *fill*         0x0000000020006418      0x200 
                0x0000000020006a18                . = (. + _Min_Stack_Size)
 *fill*         0x0000000020006618      0x400 
                0x0000000020006a18                . = ALIGN (0x8)

/DISCARD/
 libc.a(*)
 libm.a(*)
 libgcc.a(*)

.ARM.attributes
                0x0000000000000000       0x30
 *(.ARM.attributes)
 .ARM.attributes
                0x0000000000000000       0x1e /home/odemki/Programs/programs/STM32IDE/1/en.en-st-stm32cubeide_1-5-0_8698_20201117_1050_amd64_sh/makeself_dir_5QpOGP/y/plugins/com.st.stm32cube.ide.mcu.externaltools.gnu-tools-for-stm32.9-2020-q2-update.linux64_2.0.0.202105311346/tools/bin/../lib/gcc/arm-none-eabi/9.3.1/thumb/v7e-m+fp/hard/crti.o
 .ARM.attributes
                0x000000000000001e       0x34 /home/odemki/Programs/programs/STM32IDE/1/en.en-st-stm32cubeide_1-5-0_8698_20201117_1050_amd64_sh/makeself_dir_5QpOGP/y/plugins/com.st.stm32cube.ide.mcu.externaltools.gnu-tools-for-stm32.9-2020-q2-update.linux64_2.0.0.202105311346/tools/bin/../lib/gcc/arm-none-eabi/9.3.1/thumb/v7e-m+fp/hard/crtbegin.o
 .ARM.attributes
                0x0000000000000052       0x34 ./Core/Src/main.o
 .ARM.attributes
                0x0000000000000086       0x34 ./Core/Src/sd.o
 .ARM.attributes
                0x00000000000000ba       0x34 ./Core/Src/stm32f4xx_hal_msp.o
 .ARM.attributes
                0x00000000000000ee       0x34 ./Core/Src/stm32f4xx_it.o
 .ARM.attributes
                0x0000000000000122       0x34 ./Core/Src/sysmem.o
 .ARM.attributes
                0x0000000000000156       0x34 ./Core/Src/system_stm32f4xx.o
 .ARM.attributes
                0x000000000000018a       0x21 ./Core/Startup/startup_stm32f407vgtx.o
 .ARM.attributes