main.c:89:6:write_block	8	static
main.c:97:6:read_block	8	static
main.c:105:9:ReadLongFile	24	static
main.c:144:6:read_file	24	static
main.c:170:6:create_file	32	static
main.c:200:6:read_files_and_folders_in_dir	384	static
main.c:290:5:main	8	static
main.c:376:6:SystemClock_Config	88	static
main.c:420:13:MX_I2C1_Init	8	static
main.c:454:13:MX_SPI1_Init	8	static
main.c:492:13:MX_TIM2_Init	32	static
main.c:537:13:MX_TIM3_Init	32	static
main.c:582:13:MX_TIM10_Init	8	static
main.c:613:13:MX_GPIO_Init	56	static
main.c:737:6:HAL_TIM_PeriodElapsedCallback	16	static
main.c:756:6:Error_Handler	8	static,ignoring_inline_asm
